============================================================
  Generated by:           Genus(TM) Synthesis Solution 25.12-s067_1
  Generated on:           Apr 20 2026  11:48:10 pm
  Module:                 flash_attention_top
  Operating conditions:   typ (balanced_tree)
  Wireload mode:          top
  Area mode:              timing library
============================================================

      Instance                                                           Module                                                       Cell-Count  Cell-Area  Net-Area   Combinational   Buffer   Inverter     Flop     Latch   Clock-Gate   Memory   Macro   Total-Area  Wireload  
-----------------------------------------------------------------------------------------------------------------------------------------------------------------------------------------------------------------------------------------------------------------------------------
flash_attention_top NA                                                                                                                      3555  75987.935     0.000       23048.928  172.627    743.256  52023.124   0.000        0.000    0.000   0.000    75987.935 Small (D)  
  u_axil            axi4_lite_slave_ADDR_WIDTH8_DATA_WIDTH32                                                                                 845  23795.380     0.000        3759.437    6.394     62.338  19967.212   0.000        0.000    0.000   0.000    23795.380 Small (T)  
  u_compute         compute_core_SEQ_LEN256_HEAD_DIM64_TILE_BR4_TILE_BC16_DATA_WIDTH16_ACC_WIDTH40_EXP_WIDTH24_FRAC_BITS16_PAR_MACS8         272   4096.699     0.000        1342.656    0.000    119.880   2634.163   0.000        0.000    0.000   0.000     4096.699 Small (T)  
    u_dp            dot_product_array_TILE_BR4_TILE_BC16_HEAD_DIM64_DATA_WIDTH16_ACC_WIDTH40_PAR_MACS8                                        27    473.126     0.000         145.454    0.000     23.976    303.696   0.000        0.000    0.000   0.000      473.126 Small (T)  
    u_oa            output_accumulator_TILE_BR4_TILE_BC16_HEAD_DIM64_DATA_WIDTH16_ACC_WIDTH40_EXP_WIDTH24_FRAC_BITS16_PAR_COLS8              109   1628.770     0.000         556.243    0.000     33.566   1038.960   0.000        0.000    0.000   0.000     1628.770 Small (T)  
      u_recip       reciprocal_unit_WIDTH40_FRAC_BITS16                                                                                        4    147.053     0.000           0.000    0.000      0.000    147.053   0.000        0.000    0.000   0.000      147.053 Small (T)  
    u_softmax       online_softmax_unit_TILE_BR4_TILE_BC16_SCORE_WIDTH40_EXP_WIDTH24_FRAC_BITS16                                              88   1261.138     0.000         441.158    0.000     23.976    796.003   0.000        0.000    0.000   0.000     1261.138 Small (T)  
      u_exp         exp_approx_unit_IN_WIDTH40_FRAC_IN16_OUT_WIDTH24_FRAC_OUT16                                                                3    110.290     0.000           0.000    0.000      0.000    110.290   0.000        0.000    0.000   0.000      110.290 Small (T)  
  u_dma             dma_engine_AXI_ADDR_WIDTH64_AXI_DATA_WIDTH128_AXI_ID_WIDTH4_TILE_BR4_TILE_BC16_HEAD_DIM64_DATA_WIDTH16                   709  23899.276     0.000        1088.510   70.330    100.699  22639.737   0.000        0.000    0.000   0.000    23899.276 Small (T)  
    u_axi_master    axi4_master_if_ADDR_WIDTH64_DATA_WIDTH128_ID_WIDTH4                                                                      368  12643.344     0.000         600.998   63.936     28.771  11949.638   0.000        0.000    0.000   0.000    12643.344 Small (T)  
  u_tile_ctrl       tile_controller_SEQ_LEN256_HEAD_DIM64_TILE_BR4_TILE_BC16_AXI_ADDR_WIDTH64_DATA_WIDTH16                                  1599  22062.715     0.000       15913.670   95.904    455.544   5597.597   0.000        0.000    0.000   0.000    22062.715 Small (T)  
  (D) = wireload is default in technology library
  (T) = wireload mode is 'top'
