**WARN: (::report_clock_gating) This procedure is obsolete and will be removed in a future release. Please update your usage: report_clock_gating
Warning : Potential error generating clock gating report. [RPT_CG-12]
        : 'lp_insert_clock_gating' root attribute is set to 'false'.
        : The 'report clock_gating' command depends on the 'lp_insert_clock_gating' attribute.  Set it to 'true' before calling this command.
Warning : This command option will be obsolete in a next major release. [TUI-42]
        : The report_clock_gating command is obsolete. As an alternative, use the report_clock_gates command.
============================================================
  Generated by:           Genus(TM) Synthesis Solution 25.12-s067_1
  Generated on:           Apr 20 2026  11:48:12 pm
  Module:                 flash_attention_top
  Operating conditions:   typ (balanced_tree)
  Wireload mode:          top
  Area mode:              timing library
============================================================


Summary
-------
--------------------------------------------------------------------------
            Category            Number     %    Average Toggle Saving %   
--------------------------------------------------------------------------
 Total Clock Gating Instances        0  100.00                         -  
--------------------------------------------------------------------------
 RC Clock Gating Instances           0    0.00                      0.00  
 Non-RC Clock Gating Instances       0    0.00                      0.00  
--------------------------------------------------------------------------
 RC Gated Flip-flops                 0    0.00                      0.00  
 Non-RC Gated Flip-flops             0    0.00                      0.00  
--------------------------------------------------------------------------
 Total Gated Flip-flops              0    0.00                         -  
 Total Ungated Flip-flops         1242  100.00                         -  
 Enable not found                 1242  100.00                         -  
--------------------------------------------------------------------------
 Total Flip-flops                 1242  100.00                         -  
--------------------------------------------------------------------------


Multibit Flip-flop Summary
--------------------------
-------------------------------------------------------
Width     Number     Bits     RC Gated     Ungated     
-------------------------------------------------------
1-bit     1242       1242     0 (0.00%)    1242 (100.00%) 
----------------------------------------------------------
