Info    : Area report is normalized with area of the specified reference cell. [RPT-70]
        : Reference cell used for area normalization is base_cell:sky130_fd_sc_hs__nand2_1.
============================================================
  Generated by:           Genus(TM) Synthesis Solution 25.12-s067_1
  Generated on:           Apr 20 2026  11:48:12 pm
  Module:                 flash_attention_top
  Operating conditions:   typ (balanced_tree)
  Wireload mode:          top
  Area mode:              timing library
============================================================

      Instance                                                           Module                                                       Cell-Count  Normalized Cell-Area  Normalized Net-Area   Normalized Total-Area  Wireload  
-------------------------------------------------------------------------------------------------------------------------------------------------------------------------------------------------------------------------------
flash_attention_top NA                                                                                                                      3555             15846.666                0.000               15846.666 Small (D)  
  u_axil            axi4_lite_slave_ADDR_WIDTH8_DATA_WIDTH32                                                                                 845              4962.333                0.000                4962.333 Small (T)  
  u_compute         compute_core_SEQ_LEN256_HEAD_DIM64_TILE_BR4_TILE_BC16_DATA_WIDTH16_ACC_WIDTH40_EXP_WIDTH24_FRAC_BITS16_PAR_MACS8         272               854.333                0.000                 854.333 Small (T)  
    u_dp            dot_product_array_TILE_BR4_TILE_BC16_HEAD_DIM64_DATA_WIDTH16_ACC_WIDTH40_PAR_MACS8                                        27                98.667                0.000                  98.667 Small (T)  
    u_oa            output_accumulator_TILE_BR4_TILE_BC16_HEAD_DIM64_DATA_WIDTH16_ACC_WIDTH40_EXP_WIDTH24_FRAC_BITS16_PAR_COLS8              109               339.667                0.000                 339.667 Small (T)  
      u_recip       reciprocal_unit_WIDTH40_FRAC_BITS16                                                                                        4                30.667                0.000                  30.667 Small (T)  
    u_softmax       online_softmax_unit_TILE_BR4_TILE_BC16_SCORE_WIDTH40_EXP_WIDTH24_FRAC_BITS16                                              88               263.000                0.000                 263.000 Small (T)  
      u_exp         exp_approx_unit_IN_WIDTH40_FRAC_IN16_OUT_WIDTH24_FRAC_OUT16                                                                3                23.000                0.000                  23.000 Small (T)  
  u_dma             dma_engine_AXI_ADDR_WIDTH64_AXI_DATA_WIDTH128_AXI_ID_WIDTH4_TILE_BR4_TILE_BC16_HEAD_DIM64_DATA_WIDTH16                   709              4984.000                0.000                4984.000 Small (T)  
    u_axi_master    axi4_master_if_ADDR_WIDTH64_DATA_WIDTH128_ID_WIDTH4                                                                      368              2636.667                0.000                2636.667 Small (T)  
  u_tile_ctrl       tile_controller_SEQ_LEN256_HEAD_DIM64_TILE_BR4_TILE_BC16_AXI_ADDR_WIDTH64_DATA_WIDTH16                                  1599              4601.000                0.000                4601.000 Small (T)  
  (D) = wireload is default in technology library
  (T) = wireload mode is 'top'
