============================================================
  Generated by:           Genus(TM) Synthesis Solution 25.12-s067_1
  Generated on:           Apr 20 2026  11:48:11 pm
  Module:                 flash_attention_top
  Operating conditions:   typ (balanced_tree)
  Wireload mode:          top
  Area mode:              timing library
============================================================

Timing
--------

Clock  Period 
--------------
clk   10000.0 


  Cost    Critical         Violating 
 Group   Path Slack  TNS     Paths   
-------------------------------------
clk          1101.6   0.0          0 
default    No paths   0.0            
-------------------------------------
Total                 0.0          0 

Instance Count
--------------
Leaf Instance Count             3555 
Physical Instance count            0 
Sequential Instance Count       1242 
Combinational Instance Count    2313 
Hierarchical Instance Count       10 

Area
----
Cell Area                          75987.935
Physical Cell Area                 0.000
Total Cell Area (Cell+Physical)    75987.935
Net Area                           0.000
Total Area (Cell+Physical+Net)     75987.935

Max Fanout                         1242 (clk)
Min Fanout                         0 (comp_k_rd_en)
Average Fanout                     0.5
Terms to net ratio                 0.7572
Terms to instance ratio            4.4729
Runtime                            4084.4453119999966 seconds
Elapsed Runtime                    21972 seconds
Genus peak memory usage            23633.29 
Innovus peak memory usage          no_value 
Hostname                           sh02lo02
