============================================================
  Generated by:           Genus(TM) Synthesis Solution 25.12-s067_1
  Generated on:           Apr 20 2026  10:49:40 am
  Module:                 flash_attention_top
  Operating conditions:   typ (balanced_tree)
  Wireload mode:          top
  Area mode:              timing library
============================================================


Path 1: MET (1102 ps) Setup Check with Pin u_tile_ctrl/dma_rd_addr_reg[63]/CLK->D
          Group: clk
     Startpoint: (R) u_tile_ctrl/q_idx_reg[1]/CLK
          Clock: (R) clk
       Endpoint: (F) u_tile_ctrl/dma_rd_addr_reg[63]/D
          Clock: (R) clk

                     Capture       Launch     
        Clock Edge:+   10000            0     
       Src Latency:+       0            0     
       Net Latency:+       0 (I)        0 (I) 
           Arrival:=   10000            0     
                                              
             Setup:-     174                  
       Uncertainty:-     200                  
     Required Time:=    9626                  
      Launch Clock:-       0                  
         Data Path:-    8525                  
             Slack:=    1102                  

#---------------------------------------------------------------------------------------------------------------------------------------------------
#                     Timing Point                      Flags     Arc     Edge            Cell             Fanout Load Trans Delay Arrival Instance 
#                                                                                                                 (fF)  (ps)  (ps)   (ps)  Location 
#---------------------------------------------------------------------------------------------------------------------------------------------------
  u_tile_ctrl/q_idx_reg[1]/CLK                          -       -         R     (arrival)                    1242    -   100     0       0    (-,-) 
  u_tile_ctrl/q_idx_reg[1]/Q                            -       CLK->Q    R     sky130_fd_sc_hs__dfrbp_1       17 51.4   401   488     488    (-,-) 
  u_tile_ctrl/drc_buf_sp10581/X                         -       A->X      R     sky130_fd_sc_hs__clkbuf_1      17 51.7   356   339     827    (-,-) 
  u_tile_ctrl/csa_tree_mul_121_78_g10328/Y              -       B->Y      F     sky130_fd_sc_hs__nand2_1        1 10.2   107   121     947    (-,-) 
  u_tile_ctrl/csa_tree_mul_121_78_g10120/SUM            -       B->SUM    R     sky130_fd_sc_hs__fa_1           1  8.1    73   348    1295    (-,-) 
  u_tile_ctrl/g10655/SUM                                -       CIN->SUM  F     sky130_fd_sc_hs__fa_1           2  8.0    62   268    1564    (-,-) 
  u_tile_ctrl/csa_tree_mul_121_78_g10038/SUM            -       B->SUM    R     sky130_fd_sc_hs__ha_1           2  6.1    62   196    1760    (-,-) 
  u_tile_ctrl/csa_tree_mul_121_78_g10003/Y              -       A2_N->Y   R     sky130_fd_sc_hs__o2bb2ai_1      2 11.0   196   135    1895    (-,-) 
  u_tile_ctrl/g8037__2346/X                             -       A1->X     R     sky130_fd_sc_hs__a22o_1         1  8.1    74   169    2064    (-,-) 
  u_tile_ctrl/g10654/SUM                                -       CIN->SUM  F     sky130_fd_sc_hs__fa_1           2  6.3    54   259    2323    (-,-) 
  u_tile_ctrl/WALLACE_CSA_DUMMY_OP_groupi_g7103/Y       -       B->Y      R     sky130_fd_sc_hs__nor2_1         3  9.4   141   125    2449    (-,-) 
  u_tile_ctrl/WALLACE_CSA_DUMMY_OP_groupi_g7041/Y       -       A2->Y     F     sky130_fd_sc_hs__o21ai_1        1  3.2    43    61    2510    (-,-) 
  u_tile_ctrl/WALLACE_CSA_DUMMY_OP_groupi_g7013/Y       -       B1->Y     R     sky130_fd_sc_hs__a21oi_1        3  8.8   171   147    2657    (-,-) 
  u_tile_ctrl/WALLACE_CSA_DUMMY_OP_groupi_g2/X          -       A2->X     R     sky130_fd_sc_hs__o21a_1         3  9.3    83   140    2797    (-,-) 
  u_tile_ctrl/WALLACE_CSA_DUMMY_OP_groupi_g7006/Y       -       A2->Y     F     sky130_fd_sc_hs__o21ai_1        1  8.1    73    78    2875    (-,-) 
  u_tile_ctrl/WALLACE_CSA_DUMMY_OP_groupi_g7005/COUT    -       CIN->COUT F     sky130_fd_sc_hs__fa_1           1  8.1    68   228    3103    (-,-) 
  u_tile_ctrl/WALLACE_CSA_DUMMY_OP_groupi_g7004/COUT    -       CIN->COUT F     sky130_fd_sc_hs__fa_1           1  8.1    68   226    3329    (-,-) 
  u_tile_ctrl/WALLACE_CSA_DUMMY_OP_groupi_g7003/COUT    -       CIN->COUT F     sky130_fd_sc_hs__fa_1           1  8.1    68   226    3556    (-,-) 
  u_tile_ctrl/WALLACE_CSA_DUMMY_OP_groupi_g7002/COUT    -       CIN->COUT F     sky130_fd_sc_hs__fa_1           3 11.1    82   242    3797    (-,-) 
  u_tile_ctrl/WALLACE_CSA_DUMMY_OP_groupi_g7001/Y       -       A->Y      R     sky130_fd_sc_hs__nand2_1        2  5.7    54    69    3867    (-,-) 
  u_tile_ctrl/WALLACE_CSA_DUMMY_OP_groupi_g6997/Y       -       C->Y      F     sky130_fd_sc_hs__nor3_1         1  3.2    52    38    3905    (-,-) 
  u_tile_ctrl/WALLACE_CSA_DUMMY_OP_groupi_g6993/Y       -       B->Y      R     sky130_fd_sc_hs__nor2_1         4 12.0   173   149    4054    (-,-) 
  u_tile_ctrl/WALLACE_CSA_DUMMY_OP_groupi_g6992/X       -       C->X      R     sky130_fd_sc_hs__or3_1          2  5.5    52   114    4168    (-,-) 
  u_tile_ctrl/WALLACE_CSA_DUMMY_OP_groupi_g6984/Y       -       A3->Y     F     sky130_fd_sc_hs__o311ai_1       2  8.1   106    92    4260    (-,-) 
  u_tile_ctrl/WALLACE_CSA_DUMMY_OP_groupi_g6983/Y       -       A->Y      R     sky130_fd_sc_hs__nand2_1        2  6.1    60    79    4340    (-,-) 
  u_tile_ctrl/WALLACE_CSA_DUMMY_OP_groupi_g6979/Y       -       A2->Y     F     sky130_fd_sc_hs__o221ai_1       1  8.1   118   123    4463    (-,-) 
  u_tile_ctrl/WALLACE_CSA_DUMMY_OP_groupi_g6977/COUT    -       CIN->COUT F     sky130_fd_sc_hs__fa_1           1  8.1    68   243    4706    (-,-) 
  u_tile_ctrl/WALLACE_CSA_DUMMY_OP_groupi_g6976/COUT    -       CIN->COUT F     sky130_fd_sc_hs__fa_1           2  7.9    67   225    4931    (-,-) 
  u_tile_ctrl/WALLACE_CSA_DUMMY_OP_groupi_g6975/Y       -       B->Y      R     sky130_fd_sc_hs__nand2b_1       2  6.1    74    86    5017    (-,-) 
  u_tile_ctrl/WALLACE_CSA_DUMMY_OP_groupi_g6972/Y       -       A2->Y     F     sky130_fd_sc_hs__o221ai_1       1  8.1   118   125    5142    (-,-) 
  u_tile_ctrl/WALLACE_CSA_DUMMY_OP_groupi_g6970/COUT    -       CIN->COUT F     sky130_fd_sc_hs__fa_1           1  8.1    68   243    5385    (-,-) 
  u_tile_ctrl/WALLACE_CSA_DUMMY_OP_groupi_g6969/COUT    -       CIN->COUT F     sky130_fd_sc_hs__fa_1           2  7.5    64   223    5608    (-,-) 
  u_tile_ctrl/WALLACE_CSA_DUMMY_OP_groupi_g6968/Y       -       B_N->Y    F     sky130_fd_sc_hs__nor2b_1        2  6.0    43    98    5706    (-,-) 
  u_tile_ctrl/WALLACE_CSA_DUMMY_OP_groupi_g6965/Y       -       B->Y      R     sky130_fd_sc_hs__nand2b_1       2  5.5    67    73    5780    (-,-) 
  u_tile_ctrl/WALLACE_CSA_DUMMY_OP_groupi_g6960/Y       -       A3->Y     F     sky130_fd_sc_hs__o311ai_1       2  7.9   105    94    5874    (-,-) 
  u_tile_ctrl/WALLACE_CSA_DUMMY_OP_groupi_g6959/Y       -       B->Y      R     sky130_fd_sc_hs__nand2b_1       2  6.0    77    99    5973    (-,-) 
  u_tile_ctrl/WALLACE_CSA_DUMMY_OP_groupi_g6955/Y       -       B->Y      F     sky130_fd_sc_hs__nor2_1         2  6.4    51    50    6023    (-,-) 
  u_tile_ctrl/WALLACE_CSA_DUMMY_OP_groupi_g6954/Y       -       A->Y      R     sky130_fd_sc_hs__clkinv_1       1  3.0    29    35    6058    (-,-) 
  u_tile_ctrl/WALLACE_CSA_DUMMY_OP_groupi_g6949/Y       -       A3->Y     F     sky130_fd_sc_hs__o311ai_1       2  8.0   102    88    6147    (-,-) 
  u_tile_ctrl/g10645/Y                                  -       B->Y      R     sky130_fd_sc_hs__nand2_1        3  9.1    80   101    6247    (-,-) 
  u_tile_ctrl/g10382/Y                                  -       A->Y      F     sky130_fd_sc_hs__nor2b_1        1  4.7    35    49    6297    (-,-) 
  u_tile_ctrl/g10375/COUT                               -       B->COUT   F     sky130_fd_sc_hs__ha_1           2  8.0    46   127    6423    (-,-) 
  u_tile_ctrl/g10381/Y                                  -       A->Y      R     sky130_fd_sc_hs__nor2b_1        4 12.2   204   182    6605    (-,-) 
  u_tile_ctrl/WALLACE_CSA_DUMMY_OP_groupi_g6938/Y       -       A3->Y     F     sky130_fd_sc_hs__o311ai_1       1  8.1   105   115    6720    (-,-) 
  u_tile_ctrl/WALLACE_CSA_DUMMY_OP_groupi_g6935/COUT    -       CIN->COUT F     sky130_fd_sc_hs__fa_1           1  8.1    68   239    6959    (-,-) 
  u_tile_ctrl/WALLACE_CSA_DUMMY_OP_groupi_g6934/COUT    -       CIN->COUT F     sky130_fd_sc_hs__fa_1           4 12.1    85   246    7205    (-,-) 
  u_tile_ctrl/WALLACE_CSA_DUMMY_OP_groupi_g6933/Y       -       A->Y      R     sky130_fd_sc_hs__nand3_1        2  5.7    71    79    7284    (-,-) 
  u_tile_ctrl/WALLACE_CSA_DUMMY_OP_groupi_g6930/Y       -       A_N->Y    R     sky130_fd_sc_hs__nand3b_1       2  6.4    81   100    7384    (-,-) 
  u_tile_ctrl/WALLACE_CSA_DUMMY_OP_groupi_g6925/Y       -       A2->Y     F     sky130_fd_sc_hs__o221ai_1       4 11.9   148   150    7534    (-,-) 
  u_tile_ctrl/WALLACE_CSA_DUMMY_OP_groupi_g6922/X       -       A->X      F     sky130_fd_sc_hs__and3_1         2  5.4    34   130    7664    (-,-) 
  u_tile_ctrl/WALLACE_CSA_DUMMY_OP_groupi_g6912/X       -       A1->X     F     sky130_fd_sc_hs__a311o_1        1  8.1    62   213    7877    (-,-) 
  u_tile_ctrl/WALLACE_CSA_DUMMY_OP_groupi_g6906/COUT    -       CIN->COUT F     sky130_fd_sc_hs__fa_1           1  8.1    68   225    8101    (-,-) 
  u_tile_ctrl/WALLACE_CSA_DUMMY_OP_groupi_g6905/COUT    -       CIN->COUT F     sky130_fd_sc_hs__fa_1           3  9.1    73   232    8334    (-,-) 
  u_tile_ctrl/WALLACE_CSA_DUMMY_OP_groupi_g6903__6161/Y -       A1->Y     R     sky130_fd_sc_hs__a21oi_1        2  6.1   132   134    8468    (-,-) 
  u_tile_ctrl/WALLACE_CSA_DUMMY_OP_groupi_g6902__4733/Y -       B2->Y     F     sky130_fd_sc_hs__o2bb2ai_1      1  2.2    41    53    8521    (-,-) 
  u_tile_ctrl/dma_rd_addr_reg[63]/D                     -       -         F     sky130_fd_sc_hs__sdfxtp_1       1    -     -     4    8525    (-,-) 
#---------------------------------------------------------------------------------------------------------------------------------------------------



Path 2: MET (1181 ps) Setup Check with Pin u_tile_ctrl/dma_rd_addr_reg[62]/CLK->D
          Group: clk
     Startpoint: (R) u_tile_ctrl/q_idx_reg[1]/CLK
          Clock: (R) clk
       Endpoint: (F) u_tile_ctrl/dma_rd_addr_reg[62]/D
          Clock: (R) clk

                     Capture       Launch     
        Clock Edge:+   10000            0     
       Src Latency:+       0            0     
       Net Latency:+       0 (I)        0 (I) 
           Arrival:=   10000            0     
                                              
             Setup:-     172                  
       Uncertainty:-     200                  
     Required Time:=    9628                  
      Launch Clock:-       0                  
         Data Path:-    8447                  
             Slack:=    1181                  

#------------------------------------------------------------------------------------------------------------------------------------------------
#                   Timing Point                     Flags     Arc     Edge            Cell             Fanout Load Trans Delay Arrival Instance 
#                                                                                                              (fF)  (ps)  (ps)   (ps)  Location 
#------------------------------------------------------------------------------------------------------------------------------------------------
  u_tile_ctrl/q_idx_reg[1]/CLK                       -       -         R     (arrival)                    1242    -   100     0       0    (-,-) 
  u_tile_ctrl/q_idx_reg[1]/Q                         -       CLK->Q    R     sky130_fd_sc_hs__dfrbp_1       17 51.4   401   488     488    (-,-) 
  u_tile_ctrl/drc_buf_sp10581/X                      -       A->X      R     sky130_fd_sc_hs__clkbuf_1      17 51.7   356   339     827    (-,-) 
  u_tile_ctrl/csa_tree_mul_121_78_g10328/Y           -       B->Y      F     sky130_fd_sc_hs__nand2_1        1 10.2   107   121     947    (-,-) 
  u_tile_ctrl/csa_tree_mul_121_78_g10120/SUM         -       B->SUM    R     sky130_fd_sc_hs__fa_1           1  8.1    73   348    1295    (-,-) 
  u_tile_ctrl/g10655/SUM                             -       CIN->SUM  F     sky130_fd_sc_hs__fa_1           2  8.0    62   268    1564    (-,-) 
  u_tile_ctrl/csa_tree_mul_121_78_g10038/SUM         -       B->SUM    R     sky130_fd_sc_hs__ha_1           2  6.1    62   196    1760    (-,-) 
  u_tile_ctrl/csa_tree_mul_121_78_g10003/Y           -       A2_N->Y   R     sky130_fd_sc_hs__o2bb2ai_1      2 11.0   196   135    1895    (-,-) 
  u_tile_ctrl/g8037__2346/X                          -       A1->X     R     sky130_fd_sc_hs__a22o_1         1  8.1    74   169    2064    (-,-) 
  u_tile_ctrl/g10654/SUM                             -       CIN->SUM  F     sky130_fd_sc_hs__fa_1           2  6.3    54   259    2323    (-,-) 
  u_tile_ctrl/WALLACE_CSA_DUMMY_OP_groupi_g7103/Y    -       B->Y      R     sky130_fd_sc_hs__nor2_1         3  9.4   141   125    2449    (-,-) 
  u_tile_ctrl/WALLACE_CSA_DUMMY_OP_groupi_g7041/Y    -       A2->Y     F     sky130_fd_sc_hs__o21ai_1        1  3.2    43    61    2510    (-,-) 
  u_tile_ctrl/WALLACE_CSA_DUMMY_OP_groupi_g7013/Y    -       B1->Y     R     sky130_fd_sc_hs__a21oi_1        3  8.8   171   147    2657    (-,-) 
  u_tile_ctrl/WALLACE_CSA_DUMMY_OP_groupi_g2/X       -       A2->X     R     sky130_fd_sc_hs__o21a_1         3  9.3    83   140    2797    (-,-) 
  u_tile_ctrl/WALLACE_CSA_DUMMY_OP_groupi_g7006/Y    -       A2->Y     F     sky130_fd_sc_hs__o21ai_1        1  8.1    73    78    2875    (-,-) 
  u_tile_ctrl/WALLACE_CSA_DUMMY_OP_groupi_g7005/COUT -       CIN->COUT F     sky130_fd_sc_hs__fa_1           1  8.1    68   228    3103    (-,-) 
  u_tile_ctrl/WALLACE_CSA_DUMMY_OP_groupi_g7004/COUT -       CIN->COUT F     sky130_fd_sc_hs__fa_1           1  8.1    68   226    3329    (-,-) 
  u_tile_ctrl/WALLACE_CSA_DUMMY_OP_groupi_g7003/COUT -       CIN->COUT F     sky130_fd_sc_hs__fa_1           1  8.1    68   226    3556    (-,-) 
  u_tile_ctrl/WALLACE_CSA_DUMMY_OP_groupi_g7002/COUT -       CIN->COUT F     sky130_fd_sc_hs__fa_1           3 11.1    82   242    3797    (-,-) 
  u_tile_ctrl/WALLACE_CSA_DUMMY_OP_groupi_g7001/Y    -       A->Y      R     sky130_fd_sc_hs__nand2_1        2  5.7    54    69    3867    (-,-) 
  u_tile_ctrl/WALLACE_CSA_DUMMY_OP_groupi_g6997/Y    -       C->Y      F     sky130_fd_sc_hs__nor3_1         1  3.2    52    38    3905    (-,-) 
  u_tile_ctrl/WALLACE_CSA_DUMMY_OP_groupi_g6993/Y    -       B->Y      R     sky130_fd_sc_hs__nor2_1         4 12.0   173   149    4054    (-,-) 
  u_tile_ctrl/WALLACE_CSA_DUMMY_OP_groupi_g6992/X    -       C->X      R     sky130_fd_sc_hs__or3_1          2  5.5    52   114    4168    (-,-) 
  u_tile_ctrl/WALLACE_CSA_DUMMY_OP_groupi_g6984/Y    -       A3->Y     F     sky130_fd_sc_hs__o311ai_1       2  8.1   106    92    4260    (-,-) 
  u_tile_ctrl/WALLACE_CSA_DUMMY_OP_groupi_g6983/Y    -       A->Y      R     sky130_fd_sc_hs__nand2_1        2  6.1    60    79    4340    (-,-) 
  u_tile_ctrl/WALLACE_CSA_DUMMY_OP_groupi_g6979/Y    -       A2->Y     F     sky130_fd_sc_hs__o221ai_1       1  8.1   118   123    4463    (-,-) 
  u_tile_ctrl/WALLACE_CSA_DUMMY_OP_groupi_g6977/COUT -       CIN->COUT F     sky130_fd_sc_hs__fa_1           1  8.1    68   243    4706    (-,-) 
  u_tile_ctrl/WALLACE_CSA_DUMMY_OP_groupi_g6976/COUT -       CIN->COUT F     sky130_fd_sc_hs__fa_1           2  7.9    67   225    4931    (-,-) 
  u_tile_ctrl/WALLACE_CSA_DUMMY_OP_groupi_g6975/Y    -       B->Y      R     sky130_fd_sc_hs__nand2b_1       2  6.1    74    86    5017    (-,-) 
  u_tile_ctrl/WALLACE_CSA_DUMMY_OP_groupi_g6972/Y    -       A2->Y     F     sky130_fd_sc_hs__o221ai_1       1  8.1   118   125    5142    (-,-) 
  u_tile_ctrl/WALLACE_CSA_DUMMY_OP_groupi_g6970/COUT -       CIN->COUT F     sky130_fd_sc_hs__fa_1           1  8.1    68   243    5385    (-,-) 
  u_tile_ctrl/WALLACE_CSA_DUMMY_OP_groupi_g6969/COUT -       CIN->COUT F     sky130_fd_sc_hs__fa_1           2  7.5    64   223    5608    (-,-) 
  u_tile_ctrl/WALLACE_CSA_DUMMY_OP_groupi_g6968/Y    -       B_N->Y    F     sky130_fd_sc_hs__nor2b_1        2  6.0    43    98    5706    (-,-) 
  u_tile_ctrl/WALLACE_CSA_DUMMY_OP_groupi_g6965/Y    -       B->Y      R     sky130_fd_sc_hs__nand2b_1       2  5.5    67    73    5780    (-,-) 
  u_tile_ctrl/WALLACE_CSA_DUMMY_OP_groupi_g6960/Y    -       A3->Y     F     sky130_fd_sc_hs__o311ai_1       2  7.9   105    94    5874    (-,-) 
  u_tile_ctrl/WALLACE_CSA_DUMMY_OP_groupi_g6959/Y    -       B->Y      R     sky130_fd_sc_hs__nand2b_1       2  6.0    77    99    5973    (-,-) 
  u_tile_ctrl/WALLACE_CSA_DUMMY_OP_groupi_g6955/Y    -       B->Y      F     sky130_fd_sc_hs__nor2_1         2  6.4    51    50    6023    (-,-) 
  u_tile_ctrl/WALLACE_CSA_DUMMY_OP_groupi_g6954/Y    -       A->Y      R     sky130_fd_sc_hs__clkinv_1       1  3.0    29    35    6058    (-,-) 
  u_tile_ctrl/WALLACE_CSA_DUMMY_OP_groupi_g6949/Y    -       A3->Y     F     sky130_fd_sc_hs__o311ai_1       2  8.0   102    88    6147    (-,-) 
  u_tile_ctrl/g10645/Y                               -       B->Y      R     sky130_fd_sc_hs__nand2_1        3  9.1    80   101    6247    (-,-) 
  u_tile_ctrl/g10382/Y                               -       A->Y      F     sky130_fd_sc_hs__nor2b_1        1  4.7    35    49    6297    (-,-) 
  u_tile_ctrl/g10375/COUT                            -       B->COUT   F     sky130_fd_sc_hs__ha_1           2  8.0    46   127    6423    (-,-) 
  u_tile_ctrl/g10381/Y                               -       A->Y      R     sky130_fd_sc_hs__nor2b_1        4 12.2   204   182    6605    (-,-) 
  u_tile_ctrl/WALLACE_CSA_DUMMY_OP_groupi_g6938/Y    -       A3->Y     F     sky130_fd_sc_hs__o311ai_1       1  8.1   105   115    6720    (-,-) 
  u_tile_ctrl/WALLACE_CSA_DUMMY_OP_groupi_g6935/COUT -       CIN->COUT F     sky130_fd_sc_hs__fa_1           1  8.1    68   239    6959    (-,-) 
  u_tile_ctrl/WALLACE_CSA_DUMMY_OP_groupi_g6934/COUT -       CIN->COUT F     sky130_fd_sc_hs__fa_1           4 12.1    85   246    7205    (-,-) 
  u_tile_ctrl/WALLACE_CSA_DUMMY_OP_groupi_g6933/Y    -       A->Y      R     sky130_fd_sc_hs__nand3_1        2  5.7    71    79    7284    (-,-) 
  u_tile_ctrl/WALLACE_CSA_DUMMY_OP_groupi_g6930/Y    -       A_N->Y    R     sky130_fd_sc_hs__nand3b_1       2  6.4    81   100    7384    (-,-) 
  u_tile_ctrl/WALLACE_CSA_DUMMY_OP_groupi_g6925/Y    -       A2->Y     F     sky130_fd_sc_hs__o221ai_1       4 11.9   148   150    7534    (-,-) 
  u_tile_ctrl/WALLACE_CSA_DUMMY_OP_groupi_g6922/X    -       A->X      F     sky130_fd_sc_hs__and3_1         2  5.4    34   130    7664    (-,-) 
  u_tile_ctrl/WALLACE_CSA_DUMMY_OP_groupi_g6912/X    -       A1->X     F     sky130_fd_sc_hs__a311o_1        1  8.1    62   213    7877    (-,-) 
  u_tile_ctrl/WALLACE_CSA_DUMMY_OP_groupi_g6906/COUT -       CIN->COUT F     sky130_fd_sc_hs__fa_1           1  8.1    68   225    8101    (-,-) 
  u_tile_ctrl/WALLACE_CSA_DUMMY_OP_groupi_g6905/COUT -       CIN->COUT F     sky130_fd_sc_hs__fa_1           3  9.1    73   232    8334    (-,-) 
  u_tile_ctrl/WALLACE_CSA_DUMMY_OP_groupi_g6904/Y    -       A2_N->Y   F     sky130_fd_sc_hs__o2bb2ai_1      1  2.2    35   110    8443    (-,-) 
  u_tile_ctrl/dma_rd_addr_reg[62]/D                  -       -         F     sky130_fd_sc_hs__sdfxtp_1       1    -     -     4    8447    (-,-) 
#------------------------------------------------------------------------------------------------------------------------------------------------



Path 3: MET (1272 ps) Setup Check with Pin u_tile_ctrl/dma_rd_addr_reg[61]/CLK->D
          Group: clk
     Startpoint: (R) u_tile_ctrl/q_idx_reg[1]/CLK
          Clock: (R) clk
       Endpoint: (F) u_tile_ctrl/dma_rd_addr_reg[61]/D
          Clock: (R) clk

                     Capture       Launch     
        Clock Edge:+   10000            0     
       Src Latency:+       0            0     
       Net Latency:+       0 (I)        0 (I) 
           Arrival:=   10000            0     
                                              
             Setup:-     172                  
       Uncertainty:-     200                  
     Required Time:=    9628                  
      Launch Clock:-       0                  
         Data Path:-    8356                  
             Slack:=    1272                  

#------------------------------------------------------------------------------------------------------------------------------------------------
#                   Timing Point                     Flags     Arc     Edge            Cell             Fanout Load Trans Delay Arrival Instance 
#                                                                                                              (fF)  (ps)  (ps)   (ps)  Location 
#------------------------------------------------------------------------------------------------------------------------------------------------
  u_tile_ctrl/q_idx_reg[1]/CLK                       -       -         R     (arrival)                    1242    -   100     0       0    (-,-) 
  u_tile_ctrl/q_idx_reg[1]/Q                         -       CLK->Q    R     sky130_fd_sc_hs__dfrbp_1       17 51.4   401   488     488    (-,-) 
  u_tile_ctrl/drc_buf_sp10581/X                      -       A->X      R     sky130_fd_sc_hs__clkbuf_1      17 51.7   356   339     827    (-,-) 
  u_tile_ctrl/csa_tree_mul_121_78_g10328/Y           -       B->Y      F     sky130_fd_sc_hs__nand2_1        1 10.2   107   121     947    (-,-) 
  u_tile_ctrl/csa_tree_mul_121_78_g10120/SUM         -       B->SUM    R     sky130_fd_sc_hs__fa_1           1  8.1    73   348    1295    (-,-) 
  u_tile_ctrl/g10655/SUM                             -       CIN->SUM  F     sky130_fd_sc_hs__fa_1           2  8.0    62   268    1564    (-,-) 
  u_tile_ctrl/csa_tree_mul_121_78_g10038/SUM         -       B->SUM    F     sky130_fd_sc_hs__ha_1           2  6.1    42   151    1715    (-,-) 
  u_tile_ctrl/csa_tree_mul_121_78_g10003/Y           -       A2_N->Y   F     sky130_fd_sc_hs__o2bb2ai_1      2 11.0    85   139    1854    (-,-) 
  u_tile_ctrl/g8037__2346/X                          -       A1->X     F     sky130_fd_sc_hs__a22o_1         1  8.1    53   191    2045    (-,-) 
  u_tile_ctrl/g10654/SUM                             -       CIN->SUM  R     sky130_fd_sc_hs__fa_1           2  6.3    61   284    2330    (-,-) 
  u_tile_ctrl/WALLACE_CSA_DUMMY_OP_groupi_g7103/Y    -       B->Y      F     sky130_fd_sc_hs__nor2_1         3  9.4    43    57    2387    (-,-) 
  u_tile_ctrl/WALLACE_CSA_DUMMY_OP_groupi_g7041/Y    -       A2->Y     R     sky130_fd_sc_hs__o21ai_1        1  3.2    96    98    2486    (-,-) 
  u_tile_ctrl/WALLACE_CSA_DUMMY_OP_groupi_g7013/Y    -       B1->Y     F     sky130_fd_sc_hs__a21oi_1        3  8.8    67    68    2553    (-,-) 
  u_tile_ctrl/WALLACE_CSA_DUMMY_OP_groupi_g2/X       -       A2->X     F     sky130_fd_sc_hs__o21a_1         3  9.3    52   158    2712    (-,-) 
  u_tile_ctrl/WALLACE_CSA_DUMMY_OP_groupi_g7006/Y    -       A2->Y     R     sky130_fd_sc_hs__o21ai_1        1  8.1   162   150    2861    (-,-) 
  u_tile_ctrl/WALLACE_CSA_DUMMY_OP_groupi_g7005/COUT -       CIN->COUT R     sky130_fd_sc_hs__fa_1           1  8.1    68   169    3031    (-,-) 
  u_tile_ctrl/WALLACE_CSA_DUMMY_OP_groupi_g7004/COUT -       CIN->COUT R     sky130_fd_sc_hs__fa_1           1  8.1    66   147    3178    (-,-) 
  u_tile_ctrl/WALLACE_CSA_DUMMY_OP_groupi_g7003/COUT -       CIN->COUT R     sky130_fd_sc_hs__fa_1           1  8.1    66   146    3324    (-,-) 
  u_tile_ctrl/WALLACE_CSA_DUMMY_OP_groupi_g7002/COUT -       CIN->COUT R     sky130_fd_sc_hs__fa_1           3 11.1    83   161    3485    (-,-) 
  u_tile_ctrl/WALLACE_CSA_DUMMY_OP_groupi_g7001/Y    -       A->Y      F     sky130_fd_sc_hs__nand2_1        2  5.7    47    60    3545    (-,-) 
  u_tile_ctrl/WALLACE_CSA_DUMMY_OP_groupi_g6997/Y    -       C->Y      R     sky130_fd_sc_hs__nor3_1         1  3.2   124   102    3647    (-,-) 
  u_tile_ctrl/WALLACE_CSA_DUMMY_OP_groupi_g6993/Y    -       B->Y      F     sky130_fd_sc_hs__nor2_1         4 12.0    61    84    3730    (-,-) 
  u_tile_ctrl/WALLACE_CSA_DUMMY_OP_groupi_g6992/X    -       C->X      F     sky130_fd_sc_hs__or3_1          2  5.5    46   156    3886    (-,-) 
  u_tile_ctrl/WALLACE_CSA_DUMMY_OP_groupi_g6984/Y    -       A3->Y     R     sky130_fd_sc_hs__o311ai_1       2  8.1   284   239    4125    (-,-) 
  u_tile_ctrl/WALLACE_CSA_DUMMY_OP_groupi_g6983/Y    -       A->Y      F     sky130_fd_sc_hs__nand2_1        2  6.1    83    88    4213    (-,-) 
  u_tile_ctrl/WALLACE_CSA_DUMMY_OP_groupi_g6979/Y    -       A2->Y     R     sky130_fd_sc_hs__o221ai_1       1  8.1   219   198    4411    (-,-) 
  u_tile_ctrl/WALLACE_CSA_DUMMY_OP_groupi_g6977/COUT -       CIN->COUT R     sky130_fd_sc_hs__fa_1           1  8.1    69   179    4590    (-,-) 
  u_tile_ctrl/WALLACE_CSA_DUMMY_OP_groupi_g6976/COUT -       CIN->COUT R     sky130_fd_sc_hs__fa_1           2  7.9    65   146    4736    (-,-) 
  u_tile_ctrl/WALLACE_CSA_DUMMY_OP_groupi_g6975/Y    -       B->Y      F     sky130_fd_sc_hs__nand2b_1       2  6.1    47    60    4796    (-,-) 
  u_tile_ctrl/WALLACE_CSA_DUMMY_OP_groupi_g6972/Y    -       A2->Y     R     sky130_fd_sc_hs__o221ai_1       1  8.1   219   186    4982    (-,-) 
  u_tile_ctrl/WALLACE_CSA_DUMMY_OP_groupi_g6970/COUT -       CIN->COUT R     sky130_fd_sc_hs__fa_1           1  8.1    69   179    5161    (-,-) 
  u_tile_ctrl/WALLACE_CSA_DUMMY_OP_groupi_g6969/COUT -       CIN->COUT R     sky130_fd_sc_hs__fa_1           2  7.5    62   144    5304    (-,-) 
  u_tile_ctrl/WALLACE_CSA_DUMMY_OP_groupi_g6968/Y    -       B_N->Y    R     sky130_fd_sc_hs__nor2b_1        2  6.0   117   135    5440    (-,-) 
  u_tile_ctrl/WALLACE_CSA_DUMMY_OP_groupi_g6965/Y    -       B->Y      F     sky130_fd_sc_hs__nand2b_1       2  5.5    50    65    5504    (-,-) 
  u_tile_ctrl/WALLACE_CSA_DUMMY_OP_groupi_g6960/Y    -       A3->Y     R     sky130_fd_sc_hs__o311ai_1       2  7.9   280   237    5741    (-,-) 
  u_tile_ctrl/WALLACE_CSA_DUMMY_OP_groupi_g6959/Y    -       B->Y      F     sky130_fd_sc_hs__nand2b_1       2  6.0    75    81    5822    (-,-) 
  u_tile_ctrl/WALLACE_CSA_DUMMY_OP_groupi_g6955/Y    -       B->Y      R     sky130_fd_sc_hs__nor2_1         2  6.4   108   105    5927    (-,-) 
  u_tile_ctrl/WALLACE_CSA_DUMMY_OP_groupi_g6954/Y    -       A->Y      F     sky130_fd_sc_hs__clkinv_1       1  3.0    38    54    5981    (-,-) 
  u_tile_ctrl/WALLACE_CSA_DUMMY_OP_groupi_g6949/Y    -       A3->Y     R     sky130_fd_sc_hs__o311ai_1       2  8.0   282   237    6218    (-,-) 
  u_tile_ctrl/g10645/Y                               -       B->Y      F     sky130_fd_sc_hs__nand2_1        3  9.1    92   108    6327    (-,-) 
  u_tile_ctrl/g10382/Y                               -       A->Y      R     sky130_fd_sc_hs__nor2b_1        1  4.7   102   120    6446    (-,-) 
  u_tile_ctrl/g10375/COUT                            -       B->COUT   R     sky130_fd_sc_hs__ha_1           2  8.0    70   137    6583    (-,-) 
  u_tile_ctrl/g10381/Y                               -       A->Y      F     sky130_fd_sc_hs__nor2b_1        4 12.2    54    71    6654    (-,-) 
  u_tile_ctrl/WALLACE_CSA_DUMMY_OP_groupi_g6938/Y    -       A3->Y     R     sky130_fd_sc_hs__o311ai_1       1  8.1   284   241    6895    (-,-) 
  u_tile_ctrl/WALLACE_CSA_DUMMY_OP_groupi_g6935/COUT -       CIN->COUT R     sky130_fd_sc_hs__fa_1           1  8.1    71   187    7082    (-,-) 
  u_tile_ctrl/WALLACE_CSA_DUMMY_OP_groupi_g6934/COUT -       CIN->COUT R     sky130_fd_sc_hs__fa_1           4 12.1    88   167    7249    (-,-) 
  u_tile_ctrl/WALLACE_CSA_DUMMY_OP_groupi_g6933/Y    -       A->Y      F     sky130_fd_sc_hs__nand3_1        2  5.7    67    77    7326    (-,-) 
  u_tile_ctrl/WALLACE_CSA_DUMMY_OP_groupi_g6930/Y    -       A_N->Y    F     sky130_fd_sc_hs__nand3b_1       2  6.4    72   124    7449    (-,-) 
  u_tile_ctrl/WALLACE_CSA_DUMMY_OP_groupi_g6925/Y    -       A2->Y     R     sky130_fd_sc_hs__o221ai_1       4 11.9   271   232    7682    (-,-) 
  u_tile_ctrl/WALLACE_CSA_DUMMY_OP_groupi_g6922/X    -       A->X      R     sky130_fd_sc_hs__and3_1         2  5.4    61   143    7825    (-,-) 
  u_tile_ctrl/WALLACE_CSA_DUMMY_OP_groupi_g6912/X    -       A1->X     R     sky130_fd_sc_hs__a311o_1        1  8.1    73   143    7968    (-,-) 
  u_tile_ctrl/WALLACE_CSA_DUMMY_OP_groupi_g6906/COUT -       CIN->COUT R     sky130_fd_sc_hs__fa_1           1  8.1    66   148    8116    (-,-) 
  u_tile_ctrl/WALLACE_CSA_DUMMY_OP_groupi_g6905/SUM  -       CIN->SUM  F     sky130_fd_sc_hs__fa_1           1  2.2    36   235    8352    (-,-) 
  u_tile_ctrl/dma_rd_addr_reg[61]/D                  -       -         F     sky130_fd_sc_hs__sdfxtp_1       1    -     -     4    8356    (-,-) 
#------------------------------------------------------------------------------------------------------------------------------------------------



Path 4: MET (1419 ps) Setup Check with Pin u_tile_ctrl/dma_rd_addr_reg[60]/CLK->D
          Group: clk
     Startpoint: (R) u_tile_ctrl/q_idx_reg[1]/CLK
          Clock: (R) clk
       Endpoint: (F) u_tile_ctrl/dma_rd_addr_reg[60]/D
          Clock: (R) clk

                     Capture       Launch     
        Clock Edge:+   10000            0     
       Src Latency:+       0            0     
       Net Latency:+       0 (I)        0 (I) 
           Arrival:=   10000            0     
                                              
             Setup:-     172                  
       Uncertainty:-     200                  
     Required Time:=    9628                  
      Launch Clock:-       0                  
         Data Path:-    8209                  
             Slack:=    1419                  

#------------------------------------------------------------------------------------------------------------------------------------------------
#                   Timing Point                     Flags     Arc     Edge            Cell             Fanout Load Trans Delay Arrival Instance 
#                                                                                                              (fF)  (ps)  (ps)   (ps)  Location 
#------------------------------------------------------------------------------------------------------------------------------------------------
  u_tile_ctrl/q_idx_reg[1]/CLK                       -       -         R     (arrival)                    1242    -   100     0       0    (-,-) 
  u_tile_ctrl/q_idx_reg[1]/Q                         -       CLK->Q    R     sky130_fd_sc_hs__dfrbp_1       17 51.4   401   488     488    (-,-) 
  u_tile_ctrl/drc_buf_sp10581/X                      -       A->X      R     sky130_fd_sc_hs__clkbuf_1      17 51.7   356   339     827    (-,-) 
  u_tile_ctrl/csa_tree_mul_121_78_g10328/Y           -       B->Y      F     sky130_fd_sc_hs__nand2_1        1 10.2   107   121     947    (-,-) 
  u_tile_ctrl/csa_tree_mul_121_78_g10120/SUM         -       B->SUM    R     sky130_fd_sc_hs__fa_1           1  8.1    73   348    1295    (-,-) 
  u_tile_ctrl/g10655/SUM                             -       CIN->SUM  F     sky130_fd_sc_hs__fa_1           2  8.0    62   268    1564    (-,-) 
  u_tile_ctrl/csa_tree_mul_121_78_g10038/SUM         -       B->SUM    F     sky130_fd_sc_hs__ha_1           2  6.1    42   151    1715    (-,-) 
  u_tile_ctrl/csa_tree_mul_121_78_g10003/Y           -       A2_N->Y   F     sky130_fd_sc_hs__o2bb2ai_1      2 11.0    85   139    1854    (-,-) 
  u_tile_ctrl/g8037__2346/X                          -       A1->X     F     sky130_fd_sc_hs__a22o_1         1  8.1    53   191    2045    (-,-) 
  u_tile_ctrl/g10654/SUM                             -       CIN->SUM  R     sky130_fd_sc_hs__fa_1           2  6.3    61   284    2330    (-,-) 
  u_tile_ctrl/WALLACE_CSA_DUMMY_OP_groupi_g7103/Y    -       B->Y      F     sky130_fd_sc_hs__nor2_1         3  9.4    43    57    2387    (-,-) 
  u_tile_ctrl/WALLACE_CSA_DUMMY_OP_groupi_g7041/Y    -       A2->Y     R     sky130_fd_sc_hs__o21ai_1        1  3.2    96    98    2486    (-,-) 
  u_tile_ctrl/WALLACE_CSA_DUMMY_OP_groupi_g7013/Y    -       B1->Y     F     sky130_fd_sc_hs__a21oi_1        3  8.8    67    68    2553    (-,-) 
  u_tile_ctrl/WALLACE_CSA_DUMMY_OP_groupi_g2/X       -       A2->X     F     sky130_fd_sc_hs__o21a_1         3  9.3    52   158    2712    (-,-) 
  u_tile_ctrl/WALLACE_CSA_DUMMY_OP_groupi_g7006/Y    -       A2->Y     R     sky130_fd_sc_hs__o21ai_1        1  8.1   162   150    2861    (-,-) 
  u_tile_ctrl/WALLACE_CSA_DUMMY_OP_groupi_g7005/COUT -       CIN->COUT R     sky130_fd_sc_hs__fa_1           1  8.1    68   169    3031    (-,-) 
  u_tile_ctrl/WALLACE_CSA_DUMMY_OP_groupi_g7004/COUT -       CIN->COUT R     sky130_fd_sc_hs__fa_1           1  8.1    66   147    3178    (-,-) 
  u_tile_ctrl/WALLACE_CSA_DUMMY_OP_groupi_g7003/COUT -       CIN->COUT R     sky130_fd_sc_hs__fa_1           1  8.1    66   146    3324    (-,-) 
  u_tile_ctrl/WALLACE_CSA_DUMMY_OP_groupi_g7002/COUT -       CIN->COUT R     sky130_fd_sc_hs__fa_1           3 11.1    83   161    3485    (-,-) 
  u_tile_ctrl/WALLACE_CSA_DUMMY_OP_groupi_g7001/Y    -       A->Y      F     sky130_fd_sc_hs__nand2_1        2  5.7    47    60    3545    (-,-) 
  u_tile_ctrl/WALLACE_CSA_DUMMY_OP_groupi_g6997/Y    -       C->Y      R     sky130_fd_sc_hs__nor3_1         1  3.2   124   102    3647    (-,-) 
  u_tile_ctrl/WALLACE_CSA_DUMMY_OP_groupi_g6993/Y    -       B->Y      F     sky130_fd_sc_hs__nor2_1         4 12.0    61    84    3730    (-,-) 
  u_tile_ctrl/WALLACE_CSA_DUMMY_OP_groupi_g6992/X    -       C->X      F     sky130_fd_sc_hs__or3_1          2  5.5    46   156    3886    (-,-) 
  u_tile_ctrl/WALLACE_CSA_DUMMY_OP_groupi_g6984/Y    -       A3->Y     R     sky130_fd_sc_hs__o311ai_1       2  8.1   284   239    4125    (-,-) 
  u_tile_ctrl/WALLACE_CSA_DUMMY_OP_groupi_g6983/Y    -       A->Y      F     sky130_fd_sc_hs__nand2_1        2  6.1    83    88    4213    (-,-) 
  u_tile_ctrl/WALLACE_CSA_DUMMY_OP_groupi_g6979/Y    -       A2->Y     R     sky130_fd_sc_hs__o221ai_1       1  8.1   219   198    4411    (-,-) 
  u_tile_ctrl/WALLACE_CSA_DUMMY_OP_groupi_g6977/COUT -       CIN->COUT R     sky130_fd_sc_hs__fa_1           1  8.1    69   179    4590    (-,-) 
  u_tile_ctrl/WALLACE_CSA_DUMMY_OP_groupi_g6976/COUT -       CIN->COUT R     sky130_fd_sc_hs__fa_1           2  7.9    65   146    4736    (-,-) 
  u_tile_ctrl/WALLACE_CSA_DUMMY_OP_groupi_g6975/Y    -       B->Y      F     sky130_fd_sc_hs__nand2b_1       2  6.1    47    60    4796    (-,-) 
  u_tile_ctrl/WALLACE_CSA_DUMMY_OP_groupi_g6972/Y    -       A2->Y     R     sky130_fd_sc_hs__o221ai_1       1  8.1   219   186    4982    (-,-) 
  u_tile_ctrl/WALLACE_CSA_DUMMY_OP_groupi_g6970/COUT -       CIN->COUT R     sky130_fd_sc_hs__fa_1           1  8.1    69   179    5161    (-,-) 
  u_tile_ctrl/WALLACE_CSA_DUMMY_OP_groupi_g6969/COUT -       CIN->COUT R     sky130_fd_sc_hs__fa_1           2  7.5    62   144    5304    (-,-) 
  u_tile_ctrl/WALLACE_CSA_DUMMY_OP_groupi_g6968/Y    -       B_N->Y    R     sky130_fd_sc_hs__nor2b_1        2  6.0   117   135    5440    (-,-) 
  u_tile_ctrl/WALLACE_CSA_DUMMY_OP_groupi_g6965/Y    -       B->Y      F     sky130_fd_sc_hs__nand2b_1       2  5.5    50    65    5504    (-,-) 
  u_tile_ctrl/WALLACE_CSA_DUMMY_OP_groupi_g6960/Y    -       A3->Y     R     sky130_fd_sc_hs__o311ai_1       2  7.9   280   237    5741    (-,-) 
  u_tile_ctrl/WALLACE_CSA_DUMMY_OP_groupi_g6959/Y    -       B->Y      F     sky130_fd_sc_hs__nand2b_1       2  6.0    75    81    5822    (-,-) 
  u_tile_ctrl/WALLACE_CSA_DUMMY_OP_groupi_g6955/Y    -       B->Y      R     sky130_fd_sc_hs__nor2_1         2  6.4   108   105    5927    (-,-) 
  u_tile_ctrl/WALLACE_CSA_DUMMY_OP_groupi_g6954/Y    -       A->Y      F     sky130_fd_sc_hs__clkinv_1       1  3.0    38    54    5981    (-,-) 
  u_tile_ctrl/WALLACE_CSA_DUMMY_OP_groupi_g6949/Y    -       A3->Y     R     sky130_fd_sc_hs__o311ai_1       2  8.0   282   237    6218    (-,-) 
  u_tile_ctrl/g10645/Y                               -       B->Y      F     sky130_fd_sc_hs__nand2_1        3  9.1    92   108    6327    (-,-) 
  u_tile_ctrl/g10382/Y                               -       A->Y      R     sky130_fd_sc_hs__nor2b_1        1  4.7   102   120    6446    (-,-) 
  u_tile_ctrl/g10375/COUT                            -       B->COUT   R     sky130_fd_sc_hs__ha_1           2  8.0    70   137    6583    (-,-) 
  u_tile_ctrl/g10381/Y                               -       A->Y      F     sky130_fd_sc_hs__nor2b_1        4 12.2    54    71    6654    (-,-) 
  u_tile_ctrl/WALLACE_CSA_DUMMY_OP_groupi_g6938/Y    -       A3->Y     R     sky130_fd_sc_hs__o311ai_1       1  8.1   284   241    6895    (-,-) 
  u_tile_ctrl/WALLACE_CSA_DUMMY_OP_groupi_g6935/COUT -       CIN->COUT R     sky130_fd_sc_hs__fa_1           1  8.1    71   187    7082    (-,-) 
  u_tile_ctrl/WALLACE_CSA_DUMMY_OP_groupi_g6934/COUT -       CIN->COUT R     sky130_fd_sc_hs__fa_1           4 12.1    88   167    7249    (-,-) 
  u_tile_ctrl/WALLACE_CSA_DUMMY_OP_groupi_g6933/Y    -       A->Y      F     sky130_fd_sc_hs__nand3_1        2  5.7    67    77    7326    (-,-) 
  u_tile_ctrl/WALLACE_CSA_DUMMY_OP_groupi_g6930/Y    -       A_N->Y    F     sky130_fd_sc_hs__nand3b_1       2  6.4    72   124    7449    (-,-) 
  u_tile_ctrl/WALLACE_CSA_DUMMY_OP_groupi_g6925/Y    -       A2->Y     R     sky130_fd_sc_hs__o221ai_1       4 11.9   271   232    7682    (-,-) 
  u_tile_ctrl/WALLACE_CSA_DUMMY_OP_groupi_g6922/X    -       A->X      R     sky130_fd_sc_hs__and3_1         2  5.4    61   143    7825    (-,-) 
  u_tile_ctrl/WALLACE_CSA_DUMMY_OP_groupi_g6912/X    -       A1->X     R     sky130_fd_sc_hs__a311o_1        1  8.1    73   143    7968    (-,-) 
  u_tile_ctrl/WALLACE_CSA_DUMMY_OP_groupi_g6906/SUM  -       CIN->SUM  F     sky130_fd_sc_hs__fa_1           1  2.2    36   237    8205    (-,-) 
  u_tile_ctrl/dma_rd_addr_reg[60]/D                  -       -         F     sky130_fd_sc_hs__sdfxtp_1       1    -     -     4    8209    (-,-) 
#------------------------------------------------------------------------------------------------------------------------------------------------



Path 5: MET (1502 ps) Setup Check with Pin u_tile_ctrl/dma_rd_addr_reg[59]/CLK->D
          Group: clk
     Startpoint: (R) u_tile_ctrl/q_idx_reg[1]/CLK
          Clock: (R) clk
       Endpoint: (F) u_tile_ctrl/dma_rd_addr_reg[59]/D
          Clock: (R) clk

                     Capture       Launch     
        Clock Edge:+   10000            0     
       Src Latency:+       0            0     
       Net Latency:+       0 (I)        0 (I) 
           Arrival:=   10000            0     
                                              
             Setup:-     173                  
       Uncertainty:-     200                  
     Required Time:=    9627                  
      Launch Clock:-       0                  
         Data Path:-    8125                  
             Slack:=    1502                  

#------------------------------------------------------------------------------------------------------------------------------------------------
#                   Timing Point                     Flags     Arc     Edge            Cell             Fanout Load Trans Delay Arrival Instance 
#                                                                                                              (fF)  (ps)  (ps)   (ps)  Location 
#------------------------------------------------------------------------------------------------------------------------------------------------
  u_tile_ctrl/q_idx_reg[1]/CLK                       -       -         R     (arrival)                    1242    -   100     0       0    (-,-) 
  u_tile_ctrl/q_idx_reg[1]/Q                         -       CLK->Q    R     sky130_fd_sc_hs__dfrbp_1       17 51.4   401   488     488    (-,-) 
  u_tile_ctrl/drc_buf_sp10581/X                      -       A->X      R     sky130_fd_sc_hs__clkbuf_1      17 51.7   356   339     827    (-,-) 
  u_tile_ctrl/csa_tree_mul_121_78_g10328/Y           -       B->Y      F     sky130_fd_sc_hs__nand2_1        1 10.2   107   121     947    (-,-) 
  u_tile_ctrl/csa_tree_mul_121_78_g10120/SUM         -       B->SUM    R     sky130_fd_sc_hs__fa_1           1  8.1    73   348    1295    (-,-) 
  u_tile_ctrl/g10655/SUM                             -       CIN->SUM  F     sky130_fd_sc_hs__fa_1           2  8.0    62   268    1564    (-,-) 
  u_tile_ctrl/csa_tree_mul_121_78_g10038/SUM         -       B->SUM    F     sky130_fd_sc_hs__ha_1           2  6.1    42   151    1715    (-,-) 
  u_tile_ctrl/csa_tree_mul_121_78_g10003/Y           -       A2_N->Y   F     sky130_fd_sc_hs__o2bb2ai_1      2 11.0    85   139    1854    (-,-) 
  u_tile_ctrl/g8037__2346/X                          -       A1->X     F     sky130_fd_sc_hs__a22o_1         1  8.1    53   191    2045    (-,-) 
  u_tile_ctrl/g10654/SUM                             -       CIN->SUM  R     sky130_fd_sc_hs__fa_1           2  6.3    61   284    2330    (-,-) 
  u_tile_ctrl/WALLACE_CSA_DUMMY_OP_groupi_g7103/Y    -       B->Y      F     sky130_fd_sc_hs__nor2_1         3  9.4    43    57    2387    (-,-) 
  u_tile_ctrl/WALLACE_CSA_DUMMY_OP_groupi_g7041/Y    -       A2->Y     R     sky130_fd_sc_hs__o21ai_1        1  3.2    96    98    2486    (-,-) 
  u_tile_ctrl/WALLACE_CSA_DUMMY_OP_groupi_g7013/Y    -       B1->Y     F     sky130_fd_sc_hs__a21oi_1        3  8.8    67    68    2553    (-,-) 
  u_tile_ctrl/WALLACE_CSA_DUMMY_OP_groupi_g2/X       -       A2->X     F     sky130_fd_sc_hs__o21a_1         3  9.3    52   158    2712    (-,-) 
  u_tile_ctrl/WALLACE_CSA_DUMMY_OP_groupi_g7006/Y    -       A2->Y     R     sky130_fd_sc_hs__o21ai_1        1  8.1   162   150    2861    (-,-) 
  u_tile_ctrl/WALLACE_CSA_DUMMY_OP_groupi_g7005/COUT -       CIN->COUT R     sky130_fd_sc_hs__fa_1           1  8.1    68   169    3031    (-,-) 
  u_tile_ctrl/WALLACE_CSA_DUMMY_OP_groupi_g7004/COUT -       CIN->COUT R     sky130_fd_sc_hs__fa_1           1  8.1    66   147    3178    (-,-) 
  u_tile_ctrl/WALLACE_CSA_DUMMY_OP_groupi_g7003/COUT -       CIN->COUT R     sky130_fd_sc_hs__fa_1           1  8.1    66   146    3324    (-,-) 
  u_tile_ctrl/WALLACE_CSA_DUMMY_OP_groupi_g7002/COUT -       CIN->COUT R     sky130_fd_sc_hs__fa_1           3 11.1    83   161    3485    (-,-) 
  u_tile_ctrl/WALLACE_CSA_DUMMY_OP_groupi_g7001/Y    -       A->Y      F     sky130_fd_sc_hs__nand2_1        2  5.7    47    60    3545    (-,-) 
  u_tile_ctrl/WALLACE_CSA_DUMMY_OP_groupi_g6997/Y    -       C->Y      R     sky130_fd_sc_hs__nor3_1         1  3.2   124   102    3647    (-,-) 
  u_tile_ctrl/WALLACE_CSA_DUMMY_OP_groupi_g6993/Y    -       B->Y      F     sky130_fd_sc_hs__nor2_1         4 12.0    61    84    3730    (-,-) 
  u_tile_ctrl/WALLACE_CSA_DUMMY_OP_groupi_g6992/X    -       C->X      F     sky130_fd_sc_hs__or3_1          2  5.5    46   156    3886    (-,-) 
  u_tile_ctrl/WALLACE_CSA_DUMMY_OP_groupi_g6984/Y    -       A3->Y     R     sky130_fd_sc_hs__o311ai_1       2  8.1   284   239    4125    (-,-) 
  u_tile_ctrl/WALLACE_CSA_DUMMY_OP_groupi_g6983/Y    -       A->Y      F     sky130_fd_sc_hs__nand2_1        2  6.1    83    88    4213    (-,-) 
  u_tile_ctrl/WALLACE_CSA_DUMMY_OP_groupi_g6979/Y    -       A2->Y     R     sky130_fd_sc_hs__o221ai_1       1  8.1   219   198    4411    (-,-) 
  u_tile_ctrl/WALLACE_CSA_DUMMY_OP_groupi_g6977/COUT -       CIN->COUT R     sky130_fd_sc_hs__fa_1           1  8.1    69   179    4590    (-,-) 
  u_tile_ctrl/WALLACE_CSA_DUMMY_OP_groupi_g6976/COUT -       CIN->COUT R     sky130_fd_sc_hs__fa_1           2  7.9    65   146    4736    (-,-) 
  u_tile_ctrl/WALLACE_CSA_DUMMY_OP_groupi_g6975/Y    -       B->Y      F     sky130_fd_sc_hs__nand2b_1       2  6.1    47    60    4796    (-,-) 
  u_tile_ctrl/WALLACE_CSA_DUMMY_OP_groupi_g6972/Y    -       A2->Y     R     sky130_fd_sc_hs__o221ai_1       1  8.1   219   186    4982    (-,-) 
  u_tile_ctrl/WALLACE_CSA_DUMMY_OP_groupi_g6970/COUT -       CIN->COUT R     sky130_fd_sc_hs__fa_1           1  8.1    69   179    5161    (-,-) 
  u_tile_ctrl/WALLACE_CSA_DUMMY_OP_groupi_g6969/COUT -       CIN->COUT R     sky130_fd_sc_hs__fa_1           2  7.5    62   144    5304    (-,-) 
  u_tile_ctrl/WALLACE_CSA_DUMMY_OP_groupi_g6968/Y    -       B_N->Y    R     sky130_fd_sc_hs__nor2b_1        2  6.0   117   135    5440    (-,-) 
  u_tile_ctrl/WALLACE_CSA_DUMMY_OP_groupi_g6965/Y    -       B->Y      F     sky130_fd_sc_hs__nand2b_1       2  5.5    50    65    5504    (-,-) 
  u_tile_ctrl/WALLACE_CSA_DUMMY_OP_groupi_g6960/Y    -       A3->Y     R     sky130_fd_sc_hs__o311ai_1       2  7.9   280   237    5741    (-,-) 
  u_tile_ctrl/WALLACE_CSA_DUMMY_OP_groupi_g6959/Y    -       B->Y      F     sky130_fd_sc_hs__nand2b_1       2  6.0    75    81    5822    (-,-) 
  u_tile_ctrl/WALLACE_CSA_DUMMY_OP_groupi_g6955/Y    -       B->Y      R     sky130_fd_sc_hs__nor2_1         2  6.4   108   105    5927    (-,-) 
  u_tile_ctrl/WALLACE_CSA_DUMMY_OP_groupi_g6954/Y    -       A->Y      F     sky130_fd_sc_hs__clkinv_1       1  3.0    38    54    5981    (-,-) 
  u_tile_ctrl/WALLACE_CSA_DUMMY_OP_groupi_g6949/Y    -       A3->Y     R     sky130_fd_sc_hs__o311ai_1       2  8.0   282   237    6218    (-,-) 
  u_tile_ctrl/g10645/Y                               -       B->Y      F     sky130_fd_sc_hs__nand2_1        3  9.1    92   108    6327    (-,-) 
  u_tile_ctrl/g10382/Y                               -       A->Y      R     sky130_fd_sc_hs__nor2b_1        1  4.7   102   120    6446    (-,-) 
  u_tile_ctrl/g10375/COUT                            -       B->COUT   R     sky130_fd_sc_hs__ha_1           2  8.0    70   137    6583    (-,-) 
  u_tile_ctrl/g10381/Y                               -       A->Y      F     sky130_fd_sc_hs__nor2b_1        4 12.2    54    71    6654    (-,-) 
  u_tile_ctrl/WALLACE_CSA_DUMMY_OP_groupi_g6938/Y    -       A3->Y     R     sky130_fd_sc_hs__o311ai_1       1  8.1   284   241    6895    (-,-) 
  u_tile_ctrl/WALLACE_CSA_DUMMY_OP_groupi_g6935/COUT -       CIN->COUT R     sky130_fd_sc_hs__fa_1           1  8.1    71   187    7082    (-,-) 
  u_tile_ctrl/WALLACE_CSA_DUMMY_OP_groupi_g6934/COUT -       CIN->COUT R     sky130_fd_sc_hs__fa_1           4 12.1    88   167    7249    (-,-) 
  u_tile_ctrl/WALLACE_CSA_DUMMY_OP_groupi_g6933/Y    -       A->Y      F     sky130_fd_sc_hs__nand3_1        2  5.7    67    77    7326    (-,-) 
  u_tile_ctrl/WALLACE_CSA_DUMMY_OP_groupi_g6930/Y    -       A_N->Y    F     sky130_fd_sc_hs__nand3b_1       2  6.4    72   124    7449    (-,-) 
  u_tile_ctrl/WALLACE_CSA_DUMMY_OP_groupi_g6925/Y    -       A2->Y     R     sky130_fd_sc_hs__o221ai_1       4 11.9   271   232    7682    (-,-) 
  u_tile_ctrl/WALLACE_CSA_DUMMY_OP_groupi_g6922/X    -       A->X      R     sky130_fd_sc_hs__and3_1         2  5.4    61   143    7825    (-,-) 
  u_tile_ctrl/WALLACE_CSA_DUMMY_OP_groupi_g6916/Y    -       A_N->Y    R     sky130_fd_sc_hs__nand2b_1       3  9.1    95   117    7942    (-,-) 
  u_tile_ctrl/WALLACE_CSA_DUMMY_OP_groupi_g6909/Y    -       A1->Y     F     sky130_fd_sc_hs__a21oi_1        2  6.1    58    75    8017    (-,-) 
  u_tile_ctrl/WALLACE_CSA_DUMMY_OP_groupi_g6907/Y    -       A2_N->Y   F     sky130_fd_sc_hs__o2bb2ai_1      1  2.2    39   104    8121    (-,-) 
  u_tile_ctrl/dma_rd_addr_reg[59]/D                  -       -         F     sky130_fd_sc_hs__sdfxtp_1       1    -     -     4    8125    (-,-) 
#------------------------------------------------------------------------------------------------------------------------------------------------



Path 6: MET (1632 ps) Setup Check with Pin u_tile_ctrl/dma_rd_addr_reg[58]/CLK->D
          Group: clk
     Startpoint: (R) u_tile_ctrl/q_idx_reg[1]/CLK
          Clock: (R) clk
       Endpoint: (F) u_tile_ctrl/dma_rd_addr_reg[58]/D
          Clock: (R) clk

                     Capture       Launch     
        Clock Edge:+   10000            0     
       Src Latency:+       0            0     
       Net Latency:+       0 (I)        0 (I) 
           Arrival:=   10000            0     
                                              
             Setup:-     172                  
       Uncertainty:-     200                  
     Required Time:=    9628                  
      Launch Clock:-       0                  
         Data Path:-    7996                  
             Slack:=    1632                  

#------------------------------------------------------------------------------------------------------------------------------------------------
#                   Timing Point                     Flags     Arc     Edge            Cell             Fanout Load Trans Delay Arrival Instance 
#                                                                                                              (fF)  (ps)  (ps)   (ps)  Location 
#------------------------------------------------------------------------------------------------------------------------------------------------
  u_tile_ctrl/q_idx_reg[1]/CLK                       -       -         R     (arrival)                    1242    -   100     0       0    (-,-) 
  u_tile_ctrl/q_idx_reg[1]/Q                         -       CLK->Q    R     sky130_fd_sc_hs__dfrbp_1       17 51.4   401   488     488    (-,-) 
  u_tile_ctrl/drc_buf_sp10581/X                      -       A->X      R     sky130_fd_sc_hs__clkbuf_1      17 51.7   356   339     827    (-,-) 
  u_tile_ctrl/csa_tree_mul_121_78_g10328/Y           -       B->Y      F     sky130_fd_sc_hs__nand2_1        1 10.2   107   121     947    (-,-) 
  u_tile_ctrl/csa_tree_mul_121_78_g10120/SUM         -       B->SUM    R     sky130_fd_sc_hs__fa_1           1  8.1    73   348    1295    (-,-) 
  u_tile_ctrl/g10655/SUM                             -       CIN->SUM  F     sky130_fd_sc_hs__fa_1           2  8.0    62   268    1564    (-,-) 
  u_tile_ctrl/csa_tree_mul_121_78_g10038/SUM         -       B->SUM    F     sky130_fd_sc_hs__ha_1           2  6.1    42   151    1715    (-,-) 
  u_tile_ctrl/csa_tree_mul_121_78_g10003/Y           -       A2_N->Y   F     sky130_fd_sc_hs__o2bb2ai_1      2 11.0    85   139    1854    (-,-) 
  u_tile_ctrl/g8037__2346/X                          -       A1->X     F     sky130_fd_sc_hs__a22o_1         1  8.1    53   191    2045    (-,-) 
  u_tile_ctrl/g10654/SUM                             -       CIN->SUM  R     sky130_fd_sc_hs__fa_1           2  6.3    61   284    2330    (-,-) 
  u_tile_ctrl/WALLACE_CSA_DUMMY_OP_groupi_g7103/Y    -       B->Y      F     sky130_fd_sc_hs__nor2_1         3  9.4    43    57    2387    (-,-) 
  u_tile_ctrl/WALLACE_CSA_DUMMY_OP_groupi_g7041/Y    -       A2->Y     R     sky130_fd_sc_hs__o21ai_1        1  3.2    96    98    2486    (-,-) 
  u_tile_ctrl/WALLACE_CSA_DUMMY_OP_groupi_g7013/Y    -       B1->Y     F     sky130_fd_sc_hs__a21oi_1        3  8.8    67    68    2553    (-,-) 
  u_tile_ctrl/WALLACE_CSA_DUMMY_OP_groupi_g2/X       -       A2->X     F     sky130_fd_sc_hs__o21a_1         3  9.3    52   158    2712    (-,-) 
  u_tile_ctrl/WALLACE_CSA_DUMMY_OP_groupi_g7006/Y    -       A2->Y     R     sky130_fd_sc_hs__o21ai_1        1  8.1   162   150    2861    (-,-) 
  u_tile_ctrl/WALLACE_CSA_DUMMY_OP_groupi_g7005/COUT -       CIN->COUT R     sky130_fd_sc_hs__fa_1           1  8.1    68   169    3031    (-,-) 
  u_tile_ctrl/WALLACE_CSA_DUMMY_OP_groupi_g7004/COUT -       CIN->COUT R     sky130_fd_sc_hs__fa_1           1  8.1    66   147    3178    (-,-) 
  u_tile_ctrl/WALLACE_CSA_DUMMY_OP_groupi_g7003/COUT -       CIN->COUT R     sky130_fd_sc_hs__fa_1           1  8.1    66   146    3324    (-,-) 
  u_tile_ctrl/WALLACE_CSA_DUMMY_OP_groupi_g7002/COUT -       CIN->COUT R     sky130_fd_sc_hs__fa_1           3 11.1    83   161    3485    (-,-) 
  u_tile_ctrl/WALLACE_CSA_DUMMY_OP_groupi_g7001/Y    -       A->Y      F     sky130_fd_sc_hs__nand2_1        2  5.7    47    60    3545    (-,-) 
  u_tile_ctrl/WALLACE_CSA_DUMMY_OP_groupi_g6997/Y    -       C->Y      R     sky130_fd_sc_hs__nor3_1         1  3.2   124   102    3647    (-,-) 
  u_tile_ctrl/WALLACE_CSA_DUMMY_OP_groupi_g6993/Y    -       B->Y      F     sky130_fd_sc_hs__nor2_1         4 12.0    61    84    3730    (-,-) 
  u_tile_ctrl/WALLACE_CSA_DUMMY_OP_groupi_g6992/X    -       C->X      F     sky130_fd_sc_hs__or3_1          2  5.5    46   156    3886    (-,-) 
  u_tile_ctrl/WALLACE_CSA_DUMMY_OP_groupi_g6984/Y    -       A3->Y     R     sky130_fd_sc_hs__o311ai_1       2  8.1   284   239    4125    (-,-) 
  u_tile_ctrl/WALLACE_CSA_DUMMY_OP_groupi_g6983/Y    -       A->Y      F     sky130_fd_sc_hs__nand2_1        2  6.1    83    88    4213    (-,-) 
  u_tile_ctrl/WALLACE_CSA_DUMMY_OP_groupi_g6979/Y    -       A2->Y     R     sky130_fd_sc_hs__o221ai_1       1  8.1   219   198    4411    (-,-) 
  u_tile_ctrl/WALLACE_CSA_DUMMY_OP_groupi_g6977/COUT -       CIN->COUT R     sky130_fd_sc_hs__fa_1           1  8.1    69   179    4590    (-,-) 
  u_tile_ctrl/WALLACE_CSA_DUMMY_OP_groupi_g6976/COUT -       CIN->COUT R     sky130_fd_sc_hs__fa_1           2  7.9    65   146    4736    (-,-) 
  u_tile_ctrl/WALLACE_CSA_DUMMY_OP_groupi_g6975/Y    -       B->Y      F     sky130_fd_sc_hs__nand2b_1       2  6.1    47    60    4796    (-,-) 
  u_tile_ctrl/WALLACE_CSA_DUMMY_OP_groupi_g6972/Y    -       A2->Y     R     sky130_fd_sc_hs__o221ai_1       1  8.1   219   186    4982    (-,-) 
  u_tile_ctrl/WALLACE_CSA_DUMMY_OP_groupi_g6970/COUT -       CIN->COUT R     sky130_fd_sc_hs__fa_1           1  8.1    69   179    5161    (-,-) 
  u_tile_ctrl/WALLACE_CSA_DUMMY_OP_groupi_g6969/COUT -       CIN->COUT R     sky130_fd_sc_hs__fa_1           2  7.5    62   144    5304    (-,-) 
  u_tile_ctrl/WALLACE_CSA_DUMMY_OP_groupi_g6968/Y    -       B_N->Y    R     sky130_fd_sc_hs__nor2b_1        2  6.0   117   135    5440    (-,-) 
  u_tile_ctrl/WALLACE_CSA_DUMMY_OP_groupi_g6965/Y    -       B->Y      F     sky130_fd_sc_hs__nand2b_1       2  5.5    50    65    5504    (-,-) 
  u_tile_ctrl/WALLACE_CSA_DUMMY_OP_groupi_g6960/Y    -       A3->Y     R     sky130_fd_sc_hs__o311ai_1       2  7.9   280   237    5741    (-,-) 
  u_tile_ctrl/WALLACE_CSA_DUMMY_OP_groupi_g6959/Y    -       B->Y      F     sky130_fd_sc_hs__nand2b_1       2  6.0    75    81    5822    (-,-) 
  u_tile_ctrl/WALLACE_CSA_DUMMY_OP_groupi_g6955/Y    -       B->Y      R     sky130_fd_sc_hs__nor2_1         2  6.4   108   105    5927    (-,-) 
  u_tile_ctrl/WALLACE_CSA_DUMMY_OP_groupi_g6954/Y    -       A->Y      F     sky130_fd_sc_hs__clkinv_1       1  3.0    38    54    5981    (-,-) 
  u_tile_ctrl/WALLACE_CSA_DUMMY_OP_groupi_g6949/Y    -       A3->Y     R     sky130_fd_sc_hs__o311ai_1       2  8.0   282   237    6218    (-,-) 
  u_tile_ctrl/g10645/Y                               -       B->Y      F     sky130_fd_sc_hs__nand2_1        3  9.1    92   108    6327    (-,-) 
  u_tile_ctrl/g10382/Y                               -       A->Y      R     sky130_fd_sc_hs__nor2b_1        1  4.7   102   120    6446    (-,-) 
  u_tile_ctrl/g10375/COUT                            -       B->COUT   R     sky130_fd_sc_hs__ha_1           2  8.0    70   137    6583    (-,-) 
  u_tile_ctrl/g10381/Y                               -       A->Y      F     sky130_fd_sc_hs__nor2b_1        4 12.2    54    71    6654    (-,-) 
  u_tile_ctrl/WALLACE_CSA_DUMMY_OP_groupi_g6938/Y    -       A3->Y     R     sky130_fd_sc_hs__o311ai_1       1  8.1   284   241    6895    (-,-) 
  u_tile_ctrl/WALLACE_CSA_DUMMY_OP_groupi_g6935/COUT -       CIN->COUT R     sky130_fd_sc_hs__fa_1           1  8.1    71   187    7082    (-,-) 
  u_tile_ctrl/WALLACE_CSA_DUMMY_OP_groupi_g6934/COUT -       CIN->COUT R     sky130_fd_sc_hs__fa_1           4 12.1    88   167    7249    (-,-) 
  u_tile_ctrl/WALLACE_CSA_DUMMY_OP_groupi_g6933/Y    -       A->Y      F     sky130_fd_sc_hs__nand3_1        2  5.7    67    77    7326    (-,-) 
  u_tile_ctrl/WALLACE_CSA_DUMMY_OP_groupi_g6930/Y    -       A_N->Y    F     sky130_fd_sc_hs__nand3b_1       2  6.4    72   124    7449    (-,-) 
  u_tile_ctrl/WALLACE_CSA_DUMMY_OP_groupi_g6925/Y    -       A2->Y     R     sky130_fd_sc_hs__o221ai_1       4 11.9   271   232    7682    (-,-) 
  u_tile_ctrl/WALLACE_CSA_DUMMY_OP_groupi_g6922/X    -       A->X      R     sky130_fd_sc_hs__and3_1         2  5.4    61   143    7825    (-,-) 
  u_tile_ctrl/WALLACE_CSA_DUMMY_OP_groupi_g6916/Y    -       A_N->Y    R     sky130_fd_sc_hs__nand2b_1       3  9.1    95   117    7942    (-,-) 
  u_tile_ctrl/WALLACE_CSA_DUMMY_OP_groupi_g6910/Y    -       B2->Y     F     sky130_fd_sc_hs__o2bb2ai_1      1  2.2    35    50    7992    (-,-) 
  u_tile_ctrl/dma_rd_addr_reg[58]/D                  -       -         F     sky130_fd_sc_hs__sdfxtp_1       1    -     -     4    7996    (-,-) 
#------------------------------------------------------------------------------------------------------------------------------------------------



Path 7: MET (1725 ps) Setup Check with Pin u_tile_ctrl/dma_rd_addr_reg[57]/CLK->D
          Group: clk
     Startpoint: (R) u_tile_ctrl/q_idx_reg[1]/CLK
          Clock: (R) clk
       Endpoint: (F) u_tile_ctrl/dma_rd_addr_reg[57]/D
          Clock: (R) clk

                     Capture       Launch     
        Clock Edge:+   10000            0     
       Src Latency:+       0            0     
       Net Latency:+       0 (I)        0 (I) 
           Arrival:=   10000            0     
                                              
             Setup:-     173                  
       Uncertainty:-     200                  
     Required Time:=    9627                  
      Launch Clock:-       0                  
         Data Path:-    7902                  
             Slack:=    1725                  

#------------------------------------------------------------------------------------------------------------------------------------------------
#                   Timing Point                     Flags     Arc     Edge            Cell             Fanout Load Trans Delay Arrival Instance 
#                                                                                                              (fF)  (ps)  (ps)   (ps)  Location 
#------------------------------------------------------------------------------------------------------------------------------------------------
  u_tile_ctrl/q_idx_reg[1]/CLK                       -       -         R     (arrival)                    1242    -   100     0       0    (-,-) 
  u_tile_ctrl/q_idx_reg[1]/Q                         -       CLK->Q    R     sky130_fd_sc_hs__dfrbp_1       17 51.4   401   488     488    (-,-) 
  u_tile_ctrl/drc_buf_sp10581/X                      -       A->X      R     sky130_fd_sc_hs__clkbuf_1      17 51.7   356   339     827    (-,-) 
  u_tile_ctrl/csa_tree_mul_121_78_g10328/Y           -       B->Y      F     sky130_fd_sc_hs__nand2_1        1 10.2   107   121     947    (-,-) 
  u_tile_ctrl/csa_tree_mul_121_78_g10120/SUM         -       B->SUM    R     sky130_fd_sc_hs__fa_1           1  8.1    73   348    1295    (-,-) 
  u_tile_ctrl/g10655/SUM                             -       CIN->SUM  F     sky130_fd_sc_hs__fa_1           2  8.0    62   268    1564    (-,-) 
  u_tile_ctrl/csa_tree_mul_121_78_g10038/SUM         -       B->SUM    F     sky130_fd_sc_hs__ha_1           2  6.1    42   151    1715    (-,-) 
  u_tile_ctrl/csa_tree_mul_121_78_g10003/Y           -       A2_N->Y   F     sky130_fd_sc_hs__o2bb2ai_1      2 11.0    85   139    1854    (-,-) 
  u_tile_ctrl/g8037__2346/X                          -       A1->X     F     sky130_fd_sc_hs__a22o_1         1  8.1    53   191    2045    (-,-) 
  u_tile_ctrl/g10654/SUM                             -       CIN->SUM  R     sky130_fd_sc_hs__fa_1           2  6.3    61   284    2330    (-,-) 
  u_tile_ctrl/WALLACE_CSA_DUMMY_OP_groupi_g7103/Y    -       B->Y      F     sky130_fd_sc_hs__nor2_1         3  9.4    43    57    2387    (-,-) 
  u_tile_ctrl/WALLACE_CSA_DUMMY_OP_groupi_g7041/Y    -       A2->Y     R     sky130_fd_sc_hs__o21ai_1        1  3.2    96    98    2486    (-,-) 
  u_tile_ctrl/WALLACE_CSA_DUMMY_OP_groupi_g7013/Y    -       B1->Y     F     sky130_fd_sc_hs__a21oi_1        3  8.8    67    68    2553    (-,-) 
  u_tile_ctrl/WALLACE_CSA_DUMMY_OP_groupi_g2/X       -       A2->X     F     sky130_fd_sc_hs__o21a_1         3  9.3    52   158    2712    (-,-) 
  u_tile_ctrl/WALLACE_CSA_DUMMY_OP_groupi_g7006/Y    -       A2->Y     R     sky130_fd_sc_hs__o21ai_1        1  8.1   162   150    2861    (-,-) 
  u_tile_ctrl/WALLACE_CSA_DUMMY_OP_groupi_g7005/COUT -       CIN->COUT R     sky130_fd_sc_hs__fa_1           1  8.1    68   169    3031    (-,-) 
  u_tile_ctrl/WALLACE_CSA_DUMMY_OP_groupi_g7004/COUT -       CIN->COUT R     sky130_fd_sc_hs__fa_1           1  8.1    66   147    3178    (-,-) 
  u_tile_ctrl/WALLACE_CSA_DUMMY_OP_groupi_g7003/COUT -       CIN->COUT R     sky130_fd_sc_hs__fa_1           1  8.1    66   146    3324    (-,-) 
  u_tile_ctrl/WALLACE_CSA_DUMMY_OP_groupi_g7002/COUT -       CIN->COUT R     sky130_fd_sc_hs__fa_1           3 11.1    83   161    3485    (-,-) 
  u_tile_ctrl/WALLACE_CSA_DUMMY_OP_groupi_g7001/Y    -       A->Y      F     sky130_fd_sc_hs__nand2_1        2  5.7    47    60    3545    (-,-) 
  u_tile_ctrl/WALLACE_CSA_DUMMY_OP_groupi_g6997/Y    -       C->Y      R     sky130_fd_sc_hs__nor3_1         1  3.2   124   102    3647    (-,-) 
  u_tile_ctrl/WALLACE_CSA_DUMMY_OP_groupi_g6993/Y    -       B->Y      F     sky130_fd_sc_hs__nor2_1         4 12.0    61    84    3730    (-,-) 
  u_tile_ctrl/WALLACE_CSA_DUMMY_OP_groupi_g6992/X    -       C->X      F     sky130_fd_sc_hs__or3_1          2  5.5    46   156    3886    (-,-) 
  u_tile_ctrl/WALLACE_CSA_DUMMY_OP_groupi_g6984/Y    -       A3->Y     R     sky130_fd_sc_hs__o311ai_1       2  8.1   284   239    4125    (-,-) 
  u_tile_ctrl/WALLACE_CSA_DUMMY_OP_groupi_g6983/Y    -       A->Y      F     sky130_fd_sc_hs__nand2_1        2  6.1    83    88    4213    (-,-) 
  u_tile_ctrl/WALLACE_CSA_DUMMY_OP_groupi_g6979/Y    -       A2->Y     R     sky130_fd_sc_hs__o221ai_1       1  8.1   219   198    4411    (-,-) 
  u_tile_ctrl/WALLACE_CSA_DUMMY_OP_groupi_g6977/COUT -       CIN->COUT R     sky130_fd_sc_hs__fa_1           1  8.1    69   179    4590    (-,-) 
  u_tile_ctrl/WALLACE_CSA_DUMMY_OP_groupi_g6976/COUT -       CIN->COUT R     sky130_fd_sc_hs__fa_1           2  7.9    65   146    4736    (-,-) 
  u_tile_ctrl/WALLACE_CSA_DUMMY_OP_groupi_g6975/Y    -       B->Y      F     sky130_fd_sc_hs__nand2b_1       2  6.1    47    60    4796    (-,-) 
  u_tile_ctrl/WALLACE_CSA_DUMMY_OP_groupi_g6972/Y    -       A2->Y     R     sky130_fd_sc_hs__o221ai_1       1  8.1   219   186    4982    (-,-) 
  u_tile_ctrl/WALLACE_CSA_DUMMY_OP_groupi_g6970/COUT -       CIN->COUT R     sky130_fd_sc_hs__fa_1           1  8.1    69   179    5161    (-,-) 
  u_tile_ctrl/WALLACE_CSA_DUMMY_OP_groupi_g6969/COUT -       CIN->COUT R     sky130_fd_sc_hs__fa_1           2  7.5    62   144    5304    (-,-) 
  u_tile_ctrl/WALLACE_CSA_DUMMY_OP_groupi_g6968/Y    -       B_N->Y    R     sky130_fd_sc_hs__nor2b_1        2  6.0   117   135    5440    (-,-) 
  u_tile_ctrl/WALLACE_CSA_DUMMY_OP_groupi_g6965/Y    -       B->Y      F     sky130_fd_sc_hs__nand2b_1       2  5.5    50    65    5504    (-,-) 
  u_tile_ctrl/WALLACE_CSA_DUMMY_OP_groupi_g6960/Y    -       A3->Y     R     sky130_fd_sc_hs__o311ai_1       2  7.9   280   237    5741    (-,-) 
  u_tile_ctrl/WALLACE_CSA_DUMMY_OP_groupi_g6959/Y    -       B->Y      F     sky130_fd_sc_hs__nand2b_1       2  6.0    75    81    5822    (-,-) 
  u_tile_ctrl/WALLACE_CSA_DUMMY_OP_groupi_g6955/Y    -       B->Y      R     sky130_fd_sc_hs__nor2_1         2  6.4   108   105    5927    (-,-) 
  u_tile_ctrl/WALLACE_CSA_DUMMY_OP_groupi_g6954/Y    -       A->Y      F     sky130_fd_sc_hs__clkinv_1       1  3.0    38    54    5981    (-,-) 
  u_tile_ctrl/WALLACE_CSA_DUMMY_OP_groupi_g6949/Y    -       A3->Y     R     sky130_fd_sc_hs__o311ai_1       2  8.0   282   237    6218    (-,-) 
  u_tile_ctrl/g10645/Y                               -       B->Y      F     sky130_fd_sc_hs__nand2_1        3  9.1    92   108    6327    (-,-) 
  u_tile_ctrl/g10382/Y                               -       A->Y      R     sky130_fd_sc_hs__nor2b_1        1  4.7   102   120    6446    (-,-) 
  u_tile_ctrl/g10375/COUT                            -       B->COUT   R     sky130_fd_sc_hs__ha_1           2  8.0    70   137    6583    (-,-) 
  u_tile_ctrl/g10381/Y                               -       A->Y      F     sky130_fd_sc_hs__nor2b_1        4 12.2    54    71    6654    (-,-) 
  u_tile_ctrl/WALLACE_CSA_DUMMY_OP_groupi_g6938/Y    -       A3->Y     R     sky130_fd_sc_hs__o311ai_1       1  8.1   284   241    6895    (-,-) 
  u_tile_ctrl/WALLACE_CSA_DUMMY_OP_groupi_g6935/COUT -       CIN->COUT R     sky130_fd_sc_hs__fa_1           1  8.1    71   187    7082    (-,-) 
  u_tile_ctrl/WALLACE_CSA_DUMMY_OP_groupi_g6934/COUT -       CIN->COUT R     sky130_fd_sc_hs__fa_1           4 12.1    88   167    7249    (-,-) 
  u_tile_ctrl/WALLACE_CSA_DUMMY_OP_groupi_g6933/Y    -       A->Y      F     sky130_fd_sc_hs__nand3_1        2  5.7    67    77    7326    (-,-) 
  u_tile_ctrl/WALLACE_CSA_DUMMY_OP_groupi_g6930/Y    -       A_N->Y    F     sky130_fd_sc_hs__nand3b_1       2  6.4    72   124    7449    (-,-) 
  u_tile_ctrl/WALLACE_CSA_DUMMY_OP_groupi_g6925/Y    -       A2->Y     R     sky130_fd_sc_hs__o221ai_1       4 11.9   271   232    7682    (-,-) 
  u_tile_ctrl/WALLACE_CSA_DUMMY_OP_groupi_g6917/Y    -       A1->Y     F     sky130_fd_sc_hs__a21oi_1        2  6.1    87   102    7784    (-,-) 
  u_tile_ctrl/WALLACE_CSA_DUMMY_OP_groupi_g6911/Y    -       A2_N->Y   F     sky130_fd_sc_hs__o2bb2ai_1      1  2.2    39   115    7898    (-,-) 
  u_tile_ctrl/dma_rd_addr_reg[57]/D                  -       -         F     sky130_fd_sc_hs__sdfxtp_1       1    -     -     4    7902    (-,-) 
#------------------------------------------------------------------------------------------------------------------------------------------------



Path 8: MET (1804 ps) Setup Check with Pin u_tile_ctrl/dma_rd_addr_reg[55]/CLK->D
          Group: clk
     Startpoint: (R) u_tile_ctrl/q_idx_reg[1]/CLK
          Clock: (R) clk
       Endpoint: (F) u_tile_ctrl/dma_rd_addr_reg[55]/D
          Clock: (R) clk

                     Capture       Launch     
        Clock Edge:+   10000            0     
       Src Latency:+       0            0     
       Net Latency:+       0 (I)        0 (I) 
           Arrival:=   10000            0     
                                              
             Setup:-     172                  
       Uncertainty:-     200                  
     Required Time:=    9628                  
      Launch Clock:-       0                  
         Data Path:-    7825                  
             Slack:=    1804                  

#------------------------------------------------------------------------------------------------------------------------------------------------
#                   Timing Point                     Flags     Arc     Edge            Cell             Fanout Load Trans Delay Arrival Instance 
#                                                                                                              (fF)  (ps)  (ps)   (ps)  Location 
#------------------------------------------------------------------------------------------------------------------------------------------------
  u_tile_ctrl/q_idx_reg[1]/CLK                       -       -         R     (arrival)                    1242    -   100     0       0    (-,-) 
  u_tile_ctrl/q_idx_reg[1]/Q                         -       CLK->Q    R     sky130_fd_sc_hs__dfrbp_1       17 51.4   401   488     488    (-,-) 
  u_tile_ctrl/drc_buf_sp10581/X                      -       A->X      R     sky130_fd_sc_hs__clkbuf_1      17 51.7   356   339     827    (-,-) 
  u_tile_ctrl/csa_tree_mul_121_78_g10328/Y           -       B->Y      F     sky130_fd_sc_hs__nand2_1        1 10.2   107   121     947    (-,-) 
  u_tile_ctrl/csa_tree_mul_121_78_g10120/SUM         -       B->SUM    R     sky130_fd_sc_hs__fa_1           1  8.1    73   348    1295    (-,-) 
  u_tile_ctrl/g10655/SUM                             -       CIN->SUM  F     sky130_fd_sc_hs__fa_1           2  8.0    62   268    1564    (-,-) 
  u_tile_ctrl/csa_tree_mul_121_78_g10038/SUM         -       B->SUM    R     sky130_fd_sc_hs__ha_1           2  6.1    62   196    1760    (-,-) 
  u_tile_ctrl/csa_tree_mul_121_78_g10003/Y           -       A2_N->Y   R     sky130_fd_sc_hs__o2bb2ai_1      2 11.0   196   135    1895    (-,-) 
  u_tile_ctrl/g8037__2346/X                          -       A1->X     R     sky130_fd_sc_hs__a22o_1         1  8.1    74   169    2064    (-,-) 
  u_tile_ctrl/g10654/SUM                             -       CIN->SUM  F     sky130_fd_sc_hs__fa_1           2  6.3    54   259    2323    (-,-) 
  u_tile_ctrl/WALLACE_CSA_DUMMY_OP_groupi_g7103/Y    -       B->Y      R     sky130_fd_sc_hs__nor2_1         3  9.4   141   125    2449    (-,-) 
  u_tile_ctrl/WALLACE_CSA_DUMMY_OP_groupi_g7041/Y    -       A2->Y     F     sky130_fd_sc_hs__o21ai_1        1  3.2    43    61    2510    (-,-) 
  u_tile_ctrl/WALLACE_CSA_DUMMY_OP_groupi_g7013/Y    -       B1->Y     R     sky130_fd_sc_hs__a21oi_1        3  8.8   171   147    2657    (-,-) 
  u_tile_ctrl/WALLACE_CSA_DUMMY_OP_groupi_g2/X       -       A2->X     R     sky130_fd_sc_hs__o21a_1         3  9.3    83   140    2797    (-,-) 
  u_tile_ctrl/WALLACE_CSA_DUMMY_OP_groupi_g7006/Y    -       A2->Y     F     sky130_fd_sc_hs__o21ai_1        1  8.1    73    78    2875    (-,-) 
  u_tile_ctrl/WALLACE_CSA_DUMMY_OP_groupi_g7005/COUT -       CIN->COUT F     sky130_fd_sc_hs__fa_1           1  8.1    68   228    3103    (-,-) 
  u_tile_ctrl/WALLACE_CSA_DUMMY_OP_groupi_g7004/COUT -       CIN->COUT F     sky130_fd_sc_hs__fa_1           1  8.1    68   226    3329    (-,-) 
  u_tile_ctrl/WALLACE_CSA_DUMMY_OP_groupi_g7003/COUT -       CIN->COUT F     sky130_fd_sc_hs__fa_1           1  8.1    68   226    3556    (-,-) 
  u_tile_ctrl/WALLACE_CSA_DUMMY_OP_groupi_g7002/COUT -       CIN->COUT F     sky130_fd_sc_hs__fa_1           3 11.1    82   242    3797    (-,-) 
  u_tile_ctrl/WALLACE_CSA_DUMMY_OP_groupi_g7001/Y    -       A->Y      R     sky130_fd_sc_hs__nand2_1        2  5.7    54    69    3867    (-,-) 
  u_tile_ctrl/WALLACE_CSA_DUMMY_OP_groupi_g6997/Y    -       C->Y      F     sky130_fd_sc_hs__nor3_1         1  3.2    52    38    3905    (-,-) 
  u_tile_ctrl/WALLACE_CSA_DUMMY_OP_groupi_g6993/Y    -       B->Y      R     sky130_fd_sc_hs__nor2_1         4 12.0   173   149    4054    (-,-) 
  u_tile_ctrl/WALLACE_CSA_DUMMY_OP_groupi_g6992/X    -       C->X      R     sky130_fd_sc_hs__or3_1          2  5.5    52   114    4168    (-,-) 
  u_tile_ctrl/WALLACE_CSA_DUMMY_OP_groupi_g6984/Y    -       A3->Y     F     sky130_fd_sc_hs__o311ai_1       2  8.1   106    92    4260    (-,-) 
  u_tile_ctrl/WALLACE_CSA_DUMMY_OP_groupi_g6983/Y    -       A->Y      R     sky130_fd_sc_hs__nand2_1        2  6.1    60    79    4340    (-,-) 
  u_tile_ctrl/WALLACE_CSA_DUMMY_OP_groupi_g6979/Y    -       A2->Y     F     sky130_fd_sc_hs__o221ai_1       1  8.1   118   123    4463    (-,-) 
  u_tile_ctrl/WALLACE_CSA_DUMMY_OP_groupi_g6977/COUT -       CIN->COUT F     sky130_fd_sc_hs__fa_1           1  8.1    68   243    4706    (-,-) 
  u_tile_ctrl/WALLACE_CSA_DUMMY_OP_groupi_g6976/COUT -       CIN->COUT F     sky130_fd_sc_hs__fa_1           2  7.9    67   225    4931    (-,-) 
  u_tile_ctrl/WALLACE_CSA_DUMMY_OP_groupi_g6975/Y    -       B->Y      R     sky130_fd_sc_hs__nand2b_1       2  6.1    74    86    5017    (-,-) 
  u_tile_ctrl/WALLACE_CSA_DUMMY_OP_groupi_g6972/Y    -       A2->Y     F     sky130_fd_sc_hs__o221ai_1       1  8.1   118   125    5142    (-,-) 
  u_tile_ctrl/WALLACE_CSA_DUMMY_OP_groupi_g6970/COUT -       CIN->COUT F     sky130_fd_sc_hs__fa_1           1  8.1    68   243    5385    (-,-) 
  u_tile_ctrl/WALLACE_CSA_DUMMY_OP_groupi_g6969/COUT -       CIN->COUT F     sky130_fd_sc_hs__fa_1           2  7.5    64   223    5608    (-,-) 
  u_tile_ctrl/WALLACE_CSA_DUMMY_OP_groupi_g6968/Y    -       B_N->Y    F     sky130_fd_sc_hs__nor2b_1        2  6.0    43    98    5706    (-,-) 
  u_tile_ctrl/WALLACE_CSA_DUMMY_OP_groupi_g6965/Y    -       B->Y      R     sky130_fd_sc_hs__nand2b_1       2  5.5    67    73    5780    (-,-) 
  u_tile_ctrl/WALLACE_CSA_DUMMY_OP_groupi_g6960/Y    -       A3->Y     F     sky130_fd_sc_hs__o311ai_1       2  7.9   105    94    5874    (-,-) 
  u_tile_ctrl/WALLACE_CSA_DUMMY_OP_groupi_g6959/Y    -       B->Y      R     sky130_fd_sc_hs__nand2b_1       2  6.0    77    99    5973    (-,-) 
  u_tile_ctrl/WALLACE_CSA_DUMMY_OP_groupi_g6955/Y    -       B->Y      F     sky130_fd_sc_hs__nor2_1         2  6.4    51    50    6023    (-,-) 
  u_tile_ctrl/WALLACE_CSA_DUMMY_OP_groupi_g6954/Y    -       A->Y      R     sky130_fd_sc_hs__clkinv_1       1  3.0    29    35    6058    (-,-) 
  u_tile_ctrl/WALLACE_CSA_DUMMY_OP_groupi_g6949/Y    -       A3->Y     F     sky130_fd_sc_hs__o311ai_1       2  8.0   102    88    6147    (-,-) 
  u_tile_ctrl/g10645/Y                               -       B->Y      R     sky130_fd_sc_hs__nand2_1        3  9.1    80   101    6247    (-,-) 
  u_tile_ctrl/g10382/Y                               -       A->Y      F     sky130_fd_sc_hs__nor2b_1        1  4.7    35    49    6297    (-,-) 
  u_tile_ctrl/g10375/COUT                            -       B->COUT   F     sky130_fd_sc_hs__ha_1           2  8.0    46   127    6423    (-,-) 
  u_tile_ctrl/g10381/Y                               -       A->Y      R     sky130_fd_sc_hs__nor2b_1        4 12.2   204   182    6605    (-,-) 
  u_tile_ctrl/WALLACE_CSA_DUMMY_OP_groupi_g6938/Y    -       A3->Y     F     sky130_fd_sc_hs__o311ai_1       1  8.1   105   115    6720    (-,-) 
  u_tile_ctrl/WALLACE_CSA_DUMMY_OP_groupi_g6935/COUT -       CIN->COUT F     sky130_fd_sc_hs__fa_1           1  8.1    68   239    6959    (-,-) 
  u_tile_ctrl/WALLACE_CSA_DUMMY_OP_groupi_g6934/COUT -       CIN->COUT F     sky130_fd_sc_hs__fa_1           4 12.1    85   246    7205    (-,-) 
  u_tile_ctrl/WALLACE_CSA_DUMMY_OP_groupi_g6933/Y    -       A->Y      R     sky130_fd_sc_hs__nand3_1        2  5.7    71    79    7284    (-,-) 
  u_tile_ctrl/WALLACE_CSA_DUMMY_OP_groupi_g6930/Y    -       A_N->Y    R     sky130_fd_sc_hs__nand3b_1       2  6.4    81   100    7384    (-,-) 
  u_tile_ctrl/WALLACE_CSA_DUMMY_OP_groupi_g6928/Y    -       A->Y      F     sky130_fd_sc_hs__nand2_1        4 12.0    82    88    7473    (-,-) 
  u_tile_ctrl/WALLACE_CSA_DUMMY_OP_groupi_g7261/Y    -       A1->Y     R     sky130_fd_sc_hs__a21boi_1       2  8.2   163   159    7631    (-,-) 
  u_tile_ctrl/WALLACE_CSA_DUMMY_OP_groupi_g6913/Y    -       A2->Y     F     sky130_fd_sc_hs__o21ai_1        2  6.1    73    80    7711    (-,-) 
  u_tile_ctrl/WALLACE_CSA_DUMMY_OP_groupi_g6908/Y    -       A2_N->Y   F     sky130_fd_sc_hs__o2bb2ai_1      1  2.2    35   110    7821    (-,-) 
  u_tile_ctrl/dma_rd_addr_reg[55]/D                  -       -         F     sky130_fd_sc_hs__sdfxtp_1       1    -     -     4    7825    (-,-) 
#------------------------------------------------------------------------------------------------------------------------------------------------



Path 9: MET (1876 ps) Setup Check with Pin u_tile_ctrl/dma_rd_addr_reg[56]/CLK->D
          Group: clk
     Startpoint: (R) u_tile_ctrl/q_idx_reg[1]/CLK
          Clock: (R) clk
       Endpoint: (R) u_tile_ctrl/dma_rd_addr_reg[56]/D
          Clock: (R) clk

                     Capture       Launch     
        Clock Edge:+   10000            0     
       Src Latency:+       0            0     
       Net Latency:+       0 (I)        0 (I) 
           Arrival:=   10000            0     
                                              
             Setup:-     129                  
       Uncertainty:-     200                  
     Required Time:=    9671                  
      Launch Clock:-       0                  
         Data Path:-    7795                  
             Slack:=    1876                  

#------------------------------------------------------------------------------------------------------------------------------------------------
#                   Timing Point                     Flags     Arc     Edge            Cell             Fanout Load Trans Delay Arrival Instance 
#                                                                                                              (fF)  (ps)  (ps)   (ps)  Location 
#------------------------------------------------------------------------------------------------------------------------------------------------
  u_tile_ctrl/q_idx_reg[1]/CLK                       -       -         R     (arrival)                    1242    -   100     0       0    (-,-) 
  u_tile_ctrl/q_idx_reg[1]/Q                         -       CLK->Q    R     sky130_fd_sc_hs__dfrbp_1       17 51.4   401   488     488    (-,-) 
  u_tile_ctrl/drc_buf_sp10581/X                      -       A->X      R     sky130_fd_sc_hs__clkbuf_1      17 51.7   356   339     827    (-,-) 
  u_tile_ctrl/csa_tree_mul_121_78_g10328/Y           -       B->Y      F     sky130_fd_sc_hs__nand2_1        1 10.2   107   121     947    (-,-) 
  u_tile_ctrl/csa_tree_mul_121_78_g10120/SUM         -       B->SUM    R     sky130_fd_sc_hs__fa_1           1  8.1    73   348    1295    (-,-) 
  u_tile_ctrl/g10655/SUM                             -       CIN->SUM  F     sky130_fd_sc_hs__fa_1           2  8.0    62   268    1564    (-,-) 
  u_tile_ctrl/csa_tree_mul_121_78_g10038/SUM         -       B->SUM    F     sky130_fd_sc_hs__ha_1           2  6.1    42   151    1715    (-,-) 
  u_tile_ctrl/csa_tree_mul_121_78_g10003/Y           -       A2_N->Y   F     sky130_fd_sc_hs__o2bb2ai_1      2 11.0    85   139    1854    (-,-) 
  u_tile_ctrl/g8037__2346/X                          -       A1->X     F     sky130_fd_sc_hs__a22o_1         1  8.1    53   191    2045    (-,-) 
  u_tile_ctrl/g10654/SUM                             -       CIN->SUM  R     sky130_fd_sc_hs__fa_1           2  6.3    61   284    2330    (-,-) 
  u_tile_ctrl/WALLACE_CSA_DUMMY_OP_groupi_g7103/Y    -       B->Y      F     sky130_fd_sc_hs__nor2_1         3  9.4    43    57    2387    (-,-) 
  u_tile_ctrl/WALLACE_CSA_DUMMY_OP_groupi_g7041/Y    -       A2->Y     R     sky130_fd_sc_hs__o21ai_1        1  3.2    96    98    2486    (-,-) 
  u_tile_ctrl/WALLACE_CSA_DUMMY_OP_groupi_g7013/Y    -       B1->Y     F     sky130_fd_sc_hs__a21oi_1        3  8.8    67    68    2553    (-,-) 
  u_tile_ctrl/WALLACE_CSA_DUMMY_OP_groupi_g2/X       -       A2->X     F     sky130_fd_sc_hs__o21a_1         3  9.3    52   158    2712    (-,-) 
  u_tile_ctrl/WALLACE_CSA_DUMMY_OP_groupi_g7006/Y    -       A2->Y     R     sky130_fd_sc_hs__o21ai_1        1  8.1   162   150    2861    (-,-) 
  u_tile_ctrl/WALLACE_CSA_DUMMY_OP_groupi_g7005/COUT -       CIN->COUT R     sky130_fd_sc_hs__fa_1           1  8.1    68   169    3031    (-,-) 
  u_tile_ctrl/WALLACE_CSA_DUMMY_OP_groupi_g7004/COUT -       CIN->COUT R     sky130_fd_sc_hs__fa_1           1  8.1    66   147    3178    (-,-) 
  u_tile_ctrl/WALLACE_CSA_DUMMY_OP_groupi_g7003/COUT -       CIN->COUT R     sky130_fd_sc_hs__fa_1           1  8.1    66   146    3324    (-,-) 
  u_tile_ctrl/WALLACE_CSA_DUMMY_OP_groupi_g7002/COUT -       CIN->COUT R     sky130_fd_sc_hs__fa_1           3 11.1    83   161    3485    